Archive member included to satisfy reference by file (symbol)

c:/program files (x86)/gnu tools arm embedded/7 2018-q2-update/bin/../lib/gcc/arm-none-eabi/7.3.1/../../../../arm-none-eabi/lib/thumb/v7e-m/fpv4-sp/hard\libc_nano.a(lib_a-exit.o)
                              c:/program files (x86)/gnu tools arm embedded/7 2018-q2-update/bin/../lib/gcc/arm-none-eabi/7.3.1/../../../../arm-none-eabi/lib/thumb/v7e-m/fpv4-sp/hard/crt0.o (exit)
c:/program files (x86)/gnu tools arm embedded/7 2018-q2-update/bin/../lib/gcc/arm-none-eabi/7.3.1/../../../../arm-none-eabi/lib/thumb/v7e-m/fpv4-sp/hard\libc_nano.a(lib_a-impure.o)
                              c:/program files (x86)/gnu tools arm embedded/7 2018-q2-update/bin/../lib/gcc/arm-none-eabi/7.3.1/../../../../arm-none-eabi/lib/thumb/v7e-m/fpv4-sp/hard\libc_nano.a(lib_a-exit.o) (_global_impure_ptr)
c:/program files (x86)/gnu tools arm embedded/7 2018-q2-update/bin/../lib/gcc/arm-none-eabi/7.3.1/../../../../arm-none-eabi/lib/thumb/v7e-m/fpv4-sp/hard\libc_nano.a(lib_a-init.o)
                              c:/program files (x86)/gnu tools arm embedded/7 2018-q2-update/bin/../lib/gcc/arm-none-eabi/7.3.1/../../../../arm-none-eabi/lib/thumb/v7e-m/fpv4-sp/hard/crt0.o (__libc_init_array)
c:/program files (x86)/gnu tools arm embedded/7 2018-q2-update/bin/../lib/gcc/arm-none-eabi/7.3.1/../../../../arm-none-eabi/lib/thumb/v7e-m/fpv4-sp/hard\libc_nano.a(lib_a-memset.o)
                              c:/program files (x86)/gnu tools arm embedded/7 2018-q2-update/bin/../lib/gcc/arm-none-eabi/7.3.1/../../../../arm-none-eabi/lib/thumb/v7e-m/fpv4-sp/hard/crt0.o (memset)
c:/program files (x86)/gnu tools arm embedded/7 2018-q2-update/bin/../lib/gcc/arm-none-eabi/7.3.1/../../../../arm-none-eabi/lib/thumb/v7e-m/fpv4-sp/hard\libc_nano.a(lib_a-strlen.o)
                              build/test.o (strlen)
c:/program files (x86)/gnu tools arm embedded/7 2018-q2-update/bin/../lib/gcc/arm-none-eabi/7.3.1/../../../../arm-none-eabi/lib/thumb/v7e-m/fpv4-sp/hard\libnosys.a(_exit.o)
                              c:/program files (x86)/gnu tools arm embedded/7 2018-q2-update/bin/../lib/gcc/arm-none-eabi/7.3.1/../../../../arm-none-eabi/lib/thumb/v7e-m/fpv4-sp/hard\libc_nano.a(lib_a-exit.o) (_exit)
c:/program files (x86)/gnu tools arm embedded/7 2018-q2-update/bin/../lib/gcc/arm-none-eabi/7.3.1/thumb/v7e-m/fpv4-sp/hard\libgcc.a(_arm_addsubdf3.o)
                              build/myprintf.o (__aeabi_dsub)
c:/program files (x86)/gnu tools arm embedded/7 2018-q2-update/bin/../lib/gcc/arm-none-eabi/7.3.1/thumb/v7e-m/fpv4-sp/hard\libgcc.a(_arm_muldivdf3.o)
                              build/stm32f4xx_it.o (__aeabi_dmul)
c:/program files (x86)/gnu tools arm embedded/7 2018-q2-update/bin/../lib/gcc/arm-none-eabi/7.3.1/thumb/v7e-m/fpv4-sp/hard\libgcc.a(_arm_fixdfsi.o)
                              build/myprintf.o (__aeabi_d2iz)
c:/program files (x86)/gnu tools arm embedded/7 2018-q2-update/bin/../lib/gcc/arm-none-eabi/7.3.1/thumb/v7e-m/fpv4-sp/hard\libgcc.a(_arm_truncdfsf2.o)
                              build/stm32f4xx_it.o (__aeabi_d2f)
c:/program files (x86)/gnu tools arm embedded/7 2018-q2-update/bin/../lib/gcc/arm-none-eabi/7.3.1/thumb/v7e-m/fpv4-sp/hard\libgcc.a(_aeabi_uldivmod.o)
                              build/stm32f4xx_hal_rcc.o (__aeabi_uldivmod)
c:/program files (x86)/gnu tools arm embedded/7 2018-q2-update/bin/../lib/gcc/arm-none-eabi/7.3.1/thumb/v7e-m/fpv4-sp/hard\libgcc.a(_udivmoddi4.o)
                              c:/program files (x86)/gnu tools arm embedded/7 2018-q2-update/bin/../lib/gcc/arm-none-eabi/7.3.1/thumb/v7e-m/fpv4-sp/hard\libgcc.a(_aeabi_uldivmod.o) (__udivmoddi4)
c:/program files (x86)/gnu tools arm embedded/7 2018-q2-update/bin/../lib/gcc/arm-none-eabi/7.3.1/thumb/v7e-m/fpv4-sp/hard\libgcc.a(_dvmd_tls.o)
                              c:/program files (x86)/gnu tools arm embedded/7 2018-q2-update/bin/../lib/gcc/arm-none-eabi/7.3.1/thumb/v7e-m/fpv4-sp/hard\libgcc.a(_aeabi_uldivmod.o) (__aeabi_ldiv0)

Allocating common symbols
Common symbol       size              file

hdma_tim1_ch2       0x60              build/tim.o
myUltrasonic        0x18              build/test.o
uwTick              0x4               build/stm32f4xx_hal.o
pFlash              0x20              build/stm32f4xx_hal_flash.o
huart1              0x40              build/main.o
htim1               0x40              build/tim.o
accStep             0x20              build/test.o

Discarded input sections

 .text          0x00000000        0x0 c:/program files (x86)/gnu tools arm embedded/7 2018-q2-update/bin/../lib/gcc/arm-none-eabi/7.3.1/thumb/v7e-m/fpv4-sp/hard/crti.o
 .data          0x00000000        0x0 c:/program files (x86)/gnu tools arm embedded/7 2018-q2-update/bin/../lib/gcc/arm-none-eabi/7.3.1/thumb/v7e-m/fpv4-sp/hard/crti.o
 .bss           0x00000000        0x0 c:/program files (x86)/gnu tools arm embedded/7 2018-q2-update/bin/../lib/gcc/arm-none-eabi/7.3.1/thumb/v7e-m/fpv4-sp/hard/crti.o
[...]
Memory Configuration

Name             Origin             Length             Attributes
RAM              0x20000000         0x00020000         xrw
CCMRAM           0x10000000         0x00010000         rw
FLASH            0x08000000         0x00100000         xr
*default*        0x00000000         0xffffffff

Linker script and memory map

LOAD c:/program files (x86)/gnu tools arm embedded/7 2018-q2-update/bin/../lib/gcc/arm-none-eabi/7.3.1/thumb/v7e-m/fpv4-sp/hard/crti.o
LOAD c:/program files (x86)/gnu tools arm embedded/7 2018-q2-update/bin/../lib/gcc/arm-none-eabi/7.3.1/thumb/v7e-m/fpv4-sp/hard/crtbegin.o
LOAD c:/program files (x86)/gnu tools arm embedded/7 2018-q2-update/bin/../lib/gcc/arm-none-eabi/7.3.1/../../../../arm-none-eabi/lib/thumb/v7e-m/fpv4-sp/hard/crt0.o
LOAD build/main.o
LOAD build/gpio.o
LOAD build/sys.o
LOAD build/usart.o
LOAD build/stm32f4xx_it.o
LOAD build/stm32f4xx_hal_msp.o
LOAD build/stm32f4xx_hal_tim.o
LOAD build/stm32f4xx_hal_tim_ex.o
LOAD build/stm32f4xx_hal_uart.o
LOAD build/stm32f4xx_hal_rcc.o
LOAD build/stm32f4xx_hal_rcc_ex.o
LOAD build/stm32f4xx_hal_flash.o
LOAD build/stm32f4xx_hal_flash_ex.o
LOAD build/stm32f4xx_hal_flash_ramfunc.o
LOAD build/stm32f4xx_hal_gpio.o
LOAD build/stm32f4xx_hal_dma_ex.o
LOAD build/stm32f4xx_hal_dma.o
LOAD build/stm32f4xx_hal_pwr.o
LOAD build/stm32f4xx_hal_pwr_ex.o
LOAD build/stm32f4xx_hal_cortex.o
LOAD build/stm32f4xx_hal.o
LOAD build/stm32f4xx_hal_exti.o
LOAD build/system_stm32f4xx.o
LOAD build/myprintf.o
LOAD build/dma.o
LOAD build/tim.o
LOAD build/test.o
LOAD build/leddrv.o
LOAD build/startup_stm32f405xx.o
LOAD c:/program files (x86)/gnu tools arm embedded/7 2018-q2-update/bin/../lib/gcc/arm-none-eabi/7.3.1/../../../../arm-none-eabi/lib/thumb/v7e-m/fpv4-sp/hard\libc_nano.a
LOAD c:/program files (x86)/gnu tools arm embedded/7 2018-q2-update/bin/../lib/gcc/arm-none-eabi/7.3.1/../../../../arm-none-eabi/lib/thumb/v7e-m/fpv4-sp/hard\libm.a
LOAD c:/program files (x86)/gnu tools arm embedded/7 2018-q2-update/bin/../lib/gcc/arm-none-eabi/7.3.1/../../../../arm-none-eabi/lib/thumb/v7e-m/fpv4-sp/hard\libnosys.a
START GROUP
LOAD c:/program files (x86)/gnu tools arm embedded/7 2018-q2-update/bin/../lib/gcc/arm-none-eabi/7.3.1/thumb/v7e-m/fpv4-sp/hard\libgcc.a
LOAD c:/program files (x86)/gnu tools arm embedded/7 2018-q2-update/bin/../lib/gcc/arm-none-eabi/7.3.1/../../../../arm-none-eabi/lib/thumb/v7e-m/fpv4-sp/hard\libc_nano.a
END GROUP
START GROUP
LOAD c:/program files (x86)/gnu tools arm embedded/7 2018-q2-update/bin/../lib/gcc/arm-none-eabi/7.3.1/thumb/v7e-m/fpv4-sp/hard\libgcc.a
LOAD c:/program files (x86)/gnu tools arm embedded/7 2018-q2-update/bin/../lib/gcc/arm-none-eabi/7.3.1/../../../../arm-none-eabi/lib/thumb/v7e-m/fpv4-sp/hard\libc_nano.a
END GROUP
LOAD c:/program files (x86)/gnu tools arm embedded/7 2018-q2-update/bin/../lib/gcc/arm-none-eabi/7.3.1/thumb/v7e-m/fpv4-sp/hard/crtend.o
LOAD c:/program files (x86)/gnu tools arm embedded/7 2018-q2-update/bin/../lib/gcc/arm-none-eabi/7.3.1/thumb/v7e-m/fpv4-sp/hard/crtn.o
                0x20020000                _estack = 0x20020000
                0x00000200                _Min_Heap_Size = 0x200
                0x00000400                _Min_Stack_Size = 0x400

.isr_vector     0x08000000      0x188
                0x08000000                . = ALIGN (0x4)
 *(.isr_vector)
 .isr_vector    0x08000000      0x188 build/startup_stm32f405xx.o
                0x08000000                g_pfnVectors
                0x08000188                . = ALIGN (0x4)

.text           0x08000188     0x39ec
                0x08000188                . = ALIGN (0x4)
 *(.text)
 .text          0x08000188       0x40 c:/program files (x86)/gnu tools arm embedded/7 2018-q2-update/bin/../lib/gcc/arm-none-eabi/7.3.1/thumb/v7e-m/fpv4-sp/hard/crtbegin.o
 .text          0x080001c8       0x10 c:/program files (x86)/gnu tools arm embedded/7 2018-q2-update/bin/../lib/gcc/arm-none-eabi/7.3.1/../../../../arm-none-eabi/lib/thumb/v7e-m/fpv4-sp/hard\libc_nano.a(lib_a-strlen.o)
                0x080001c8                strlen
 .text          0x080001d8      0x378 c:/program files (x86)/gnu tools arm embedded/7 2018-q2-update/bin/../lib/gcc/arm-none-eabi/7.3.1/thumb/v7e-m/fpv4-sp/hard\libgcc.a(_arm_addsubdf3.o)
                0x080001d8                __aeabi_drsub
                0x080001e0                __aeabi_dsub
                0x080001e0                __subdf3
                0x080001e4                __aeabi_dadd
                0x080001e4                __adddf3
                0x0800045c                __floatunsidf
                0x0800045c                __aeabi_ui2d
                0x0800047c                __floatsidf
                0x0800047c                __aeabi_i2d
                0x080004a0                __aeabi_f2d
                0x080004a0                __extendsfdf2
                0x080004e4                __floatundidf
                0x080004e4                __aeabi_ul2d
                0x080004f4                __floatdidf
                0x080004f4                __aeabi_l2d
 .text          0x08000550      0x424 c:/program files (x86)/gnu tools arm embedded/7 2018-q2-update/bin/../lib/gcc/arm-none-eabi/7.3.1/thumb/v7e-m/fpv4-sp/hard\libgcc.a(_arm_muldivdf3.o)
                0x08000550                __aeabi_dmul
                0x08000550                __muldf3
                0x080007a4                __divdf3
                0x080007a4                __aeabi_ddiv
 .text          0x08000974       0x50 c:/program files (x86)/gnu tools arm embedded/7 2018-q2-update/bin/../lib/gcc/arm-none-eabi/7.3.1/thumb/v7e-m/fpv4-sp/hard\libgcc.a(_arm_fixdfsi.o)
                0x08000974                __aeabi_d2iz
                0x08000974                __fixdfsi
 .text          0x080009c4       0xa0 c:/program files (x86)/gnu tools arm embedded/7 2018-q2-update/bin/../lib/gcc/arm-none-eabi/7.3.1/thumb/v7e-m/fpv4-sp/hard\libgcc.a(_arm_truncdfsf2.o)
                0x080009c4                __truncdfsf2
                0x080009c4                __aeabi_d2f
 .text          0x08000a64       0x30 c:/program files (x86)/gnu tools arm embedded/7 2018-q2-update/bin/../lib/gcc/arm-none-eabi/7.3.1/thumb/v7e-m/fpv4-sp/hard\libgcc.a(_aeabi_uldivmod.o)
                0x08000a64                __aeabi_uldivmod
 .text          0x08000a94      0x2cc c:/program files (x86)/gnu tools arm embedded/7 2018-q2-update/bin/../lib/gcc/arm-none-eabi/7.3.1/thumb/v7e-m/fpv4-sp/hard\libgcc.a(_udivmoddi4.o)
                0x08000a94                __udivmoddi4
 .text          0x08000d60        0x4 c:/program files (x86)/gnu tools arm embedded/7 2018-q2-update/bin/../lib/gcc/arm-none-eabi/7.3.1/thumb/v7e-m/fpv4-sp/hard\libgcc.a(_dvmd_tls.o)
                0x08000d60                __aeabi_idiv0
                0x08000d60                __aeabi_ldiv0
 *(.text*)
 .text.SystemClock_Config
                0x08000d64       0x98 build/main.o
                0x08000d64                SystemClock_Config
 .text.main     0x08000dfc       0xe4 build/main.o
                0x08000dfc                main
 .text.Error_Handler
                0x08000ee0        0x2 build/main.o
                0x08000ee0                Error_Handler
 *fill*         0x08000ee2        0x2 
 .text.MX_GPIO_Init
                0x08000ee4      0x138 build/gpio.o
                0x08000ee4                MX_GPIO_Init
 .text.MX_USART1_UART_Init
                0x0800101c       0x34 build/usart.o
                0x0800101c                MX_USART1_UART_Init
 .text.HAL_UART_MspInit
                0x08001050       0xa0 build/usart.o
                0x08001050                HAL_UART_MspInit
 .text.NMI_Handler
                0x080010f0        0x8 build/stm32f4xx_it.o
                0x080010f0                NMI_Handler
 .text.HardFault_Handler
                0x080010f8        0x2 build/stm32f4xx_it.o
                0x080010f8                HardFault_Handler
 .text.MemManage_Handler
                0x080010fa        0x2 build/stm32f4xx_it.o
                0x080010fa                MemManage_Handler
 .text.BusFault_Handler
                0x080010fc        0x2 build/stm32f4xx_it.o
                0x080010fc                BusFault_Handler
 .text.UsageFault_Handler
                0x080010fe        0x2 build/stm32f4xx_it.o
                0x080010fe                UsageFault_Handler
 .text.SVC_Handler
                0x08001100        0x2 build/stm32f4xx_it.o
                0x08001100                SVC_Handler
 .text.DebugMon_Handler
                0x08001102        0x2 build/stm32f4xx_it.o
                0x08001102                DebugMon_Handler
 .text.PendSV_Handler
                0x08001104        0x2 build/stm32f4xx_it.o
                0x08001104                PendSV_Handler
 .text.SysTick_Handler
                0x08001106        0x8 build/stm32f4xx_it.o
                0x08001106                SysTick_Handler
 *fill*         0x0800110e        0x2 
 .text.EXTI15_10_IRQHandler
                0x08001110       0x24 build/stm32f4xx_it.o
                0x08001110                EXTI15_10_IRQHandler
 .text.DMA2_Stream2_IRQHandler
                0x08001134       0x1c build/stm32f4xx_it.o
                0x08001134                DMA2_Stream2_IRQHandler
 .text.HAL_TIM_PWM_PulseFinishedCallback
                0x08001150       0x48 build/stm32f4xx_it.o
                0x08001150                HAL_TIM_PWM_PulseFinishedCallback
 .text.HAL_GPIO_EXTI_Callback
                0x08001198      0x10c build/stm32f4xx_it.o
                0x08001198                HAL_GPIO_EXTI_Callback
 .text.HAL_MspInit
                0x080012a4       0x38 build/stm32f4xx_hal_msp.o
                0x080012a4                HAL_MspInit
 .text.TIM_OC1_SetConfig
                0x080012dc       0x68 build/stm32f4xx_hal_tim.o
 .text.TIM_OC3_SetConfig
                0x08001344       0x70 build/stm32f4xx_hal_tim.o
 .text.TIM_OC4_SetConfig
                0x080013b4       0x50 build/stm32f4xx_hal_tim.o
 .text.TIM_TI1_ConfigInputStage
                0x08001404       0x26 build/stm32f4xx_hal_tim.o
 .text.TIM_TI2_ConfigInputStage
                0x0800142a       0x28 build/stm32f4xx_hal_tim.o
 .text.TIM_ITRx_SetConfig
                0x08001452       0x10 build/stm32f4xx_hal_tim.o
 .text.HAL_TIM_OC_MspInit
                0x08001462        0x2 build/stm32f4xx_hal_tim.o
                0x08001462                HAL_TIM_OC_MspInit
 .text.TIM_DMADelayPulseCplt
                0x08001464       0x44 build/stm32f4xx_hal_tim.o
                0x08001464                TIM_DMADelayPulseCplt
 .text.HAL_TIM_PWM_PulseFinishedHalfCpltCallback
                0x080014a8        0x2 build/stm32f4xx_hal_tim.o
                0x080014a8                HAL_TIM_PWM_PulseFinishedHalfCpltCallback
 .text.TIM_DMADelayPulseHalfCplt
                0x080014aa       0x44 build/stm32f4xx_hal_tim.o
                0x080014aa                TIM_DMADelayPulseHalfCplt
 .text.HAL_TIM_ErrorCallback
                0x080014ee        0x2 build/stm32f4xx_hal_tim.o
                0x080014ee                HAL_TIM_ErrorCallback
 .text.TIM_DMAError
                0x080014f0       0x10 build/stm32f4xx_hal_tim.o
                0x080014f0                TIM_DMAError
 .text.TIM_Base_SetConfig
                0x08001500       0xc8 build/stm32f4xx_hal_tim.o
                0x08001500                TIM_Base_SetConfig
 .text.HAL_TIM_Base_Init
                0x080015c8       0x32 build/stm32f4xx_hal_tim.o
                0x080015c8                HAL_TIM_Base_Init
 .text.HAL_TIM_OC_Init
                0x080015fa       0x32 build/stm32f4xx_hal_tim.o
                0x080015fa                HAL_TIM_OC_Init
 .text.TIM_OC2_SetConfig
                0x0800162c       0x70 build/stm32f4xx_hal_tim.o
                0x0800162c                TIM_OC2_SetConfig
 .text.HAL_TIM_OC_ConfigChannel
                0x0800169c       0x5e build/stm32f4xx_hal_tim.o
                0x0800169c                HAL_TIM_OC_ConfigChannel
 .text.TIM_ETR_SetConfig
                0x080016fa       0x18 build/stm32f4xx_hal_tim.o
                0x080016fa                TIM_ETR_SetConfig
 .text.HAL_TIM_ConfigClockSource
                0x08001712       0xda build/stm32f4xx_hal_tim.o
                0x08001712                HAL_TIM_ConfigClockSource
 .text.TIM_CCxChannelCmd
                0x080017ec       0x22 build/stm32f4xx_hal_tim.o
                0x080017ec                TIM_CCxChannelCmd
 *fill*         0x0800180e        0x2 
 .text.HAL_TIM_OC_Start_DMA
                0x08001810      0x15c build/stm32f4xx_hal_tim.o
                0x08001810                HAL_TIM_OC_Start_DMA
 .text.HAL_TIM_OC_Stop_DMA
                0x0800196c       0xc8 build/stm32f4xx_hal_tim.o
                0x0800196c                HAL_TIM_OC_Stop_DMA
 .text.HAL_TIMEx_MasterConfigSynchronization
                0x08001a34       0x46 build/stm32f4xx_hal_tim_ex.o
                0x08001a34                HAL_TIMEx_MasterConfigSynchronization
 .text.HAL_TIMEx_ConfigBreakDeadTime
                0x08001a7a       0x52 build/stm32f4xx_hal_tim_ex.o
                0x08001a7a                HAL_TIMEx_ConfigBreakDeadTime
 .text.UART_SetConfig
                0x08001acc      0x334 build/stm32f4xx_hal_uart.o
 .text.UART_WaitOnFlagUntilTimeout
                0x08001e00       0x62 build/stm32f4xx_hal_uart.o
 .text.HAL_UART_Init
                0x08001e62       0x5e build/stm32f4xx_hal_uart.o
                0x08001e62                HAL_UART_Init
 .text.HAL_UART_Transmit
                0x08001ec0       0xe0 build/stm32f4xx_hal_uart.o
                0x08001ec0                HAL_UART_Transmit
 .text.HAL_RCC_OscConfig
                0x08001fa0      0x398 build/stm32f4xx_hal_rcc.o
                0x08001fa0                HAL_RCC_OscConfig
 .text.HAL_RCC_EnableCSS
                0x08002338        0xc build/stm32f4xx_hal_rcc.o
                0x08002338                HAL_RCC_EnableCSS
 .text.HAL_RCC_GetSysClockFreq
                0x08002344       0xd8 build/stm32f4xx_hal_rcc.o
                0x08002344                HAL_RCC_GetSysClockFreq
 .text.HAL_RCC_ClockConfig
                0x0800241c      0x158 build/stm32f4xx_hal_rcc.o
                0x0800241c                HAL_RCC_ClockConfig
 .text.HAL_RCC_GetHCLKFreq
                0x08002574        0xc build/stm32f4xx_hal_rcc.o
                0x08002574                HAL_RCC_GetHCLKFreq
 .text.HAL_RCC_GetPCLK1Freq
                0x08002580       0x20 build/stm32f4xx_hal_rcc.o
                0x08002580                HAL_RCC_GetPCLK1Freq
 .text.HAL_RCC_GetPCLK2Freq
                0x080025a0       0x20 build/stm32f4xx_hal_rcc.o
                0x080025a0                HAL_RCC_GetPCLK2Freq
 .text.HAL_RCC_CSSCallback
                0x080025c0        0x2 build/stm32f4xx_hal_rcc.o
                0x080025c0                HAL_RCC_CSSCallback
 *fill*         0x080025c2        0x2 
 .text.HAL_RCC_NMI_IRQHandler
                0x080025c4       0x24 build/stm32f4xx_hal_rcc.o
                0x080025c4                HAL_RCC_NMI_IRQHandler
 .text.HAL_GPIO_Init
                0x080025e8      0x1c8 build/stm32f4xx_hal_gpio.o
                0x080025e8                HAL_GPIO_Init
 .text.HAL_GPIO_WritePin
                0x080027b0        0xc build/stm32f4xx_hal_gpio.o
                0x080027b0                HAL_GPIO_WritePin
 .text.HAL_GPIO_TogglePin
                0x080027bc       0x12 build/stm32f4xx_hal_gpio.o
                0x080027bc                HAL_GPIO_TogglePin
 *fill*         0x080027ce        0x2 
 .text.HAL_GPIO_EXTI_IRQHandler
                0x080027d0       0x1c build/stm32f4xx_hal_gpio.o
                0x080027d0                HAL_GPIO_EXTI_IRQHandler
 .text.DMA_SetConfig
                0x080027ec       0x2c build/stm32f4xx_hal_dma.o
 .text.DMA_CalcBaseAndBitshift
                0x08002818       0x3c build/stm32f4xx_hal_dma.o
 .text.DMA_CheckFifoParam
                0x08002854       0x8e build/stm32f4xx_hal_dma.o
 *fill*         0x080028e2        0x2 
 .text.HAL_DMA_Init
                0x080028e4       0xcc build/stm32f4xx_hal_dma.o
                0x080028e4                HAL_DMA_Init
 .text.HAL_DMA_Start_IT
                0x080029b0       0x74 build/stm32f4xx_hal_dma.o
                0x080029b0                HAL_DMA_Start_IT
 .text.HAL_DMA_Abort_IT
                0x08002a24       0x26 build/stm32f4xx_hal_dma.o
                0x08002a24                HAL_DMA_Abort_IT
 *fill*         0x08002a4a        0x2 
 .text.HAL_DMA_IRQHandler
                0x08002a4c      0x1dc build/stm32f4xx_hal_dma.o
                0x08002a4c                HAL_DMA_IRQHandler
 .text.HAL_NVIC_SetPriorityGrouping
                0x08002c28       0x24 build/stm32f4xx_hal_cortex.o
                0x08002c28                HAL_NVIC_SetPriorityGrouping
 .text.HAL_NVIC_SetPriority
                0x08002c4c       0x68 build/stm32f4xx_hal_cortex.o
                0x08002c4c                HAL_NVIC_SetPriority
 .text.HAL_NVIC_EnableIRQ
                0x08002cb4       0x1c build/stm32f4xx_hal_cortex.o
                0x08002cb4                HAL_NVIC_EnableIRQ
 .text.HAL_NVIC_DisableIRQ
                0x08002cd0       0x24 build/stm32f4xx_hal_cortex.o
                0x08002cd0                HAL_NVIC_DisableIRQ
 .text.HAL_SYSTICK_Config
                0x08002cf4       0x2c build/stm32f4xx_hal_cortex.o
                0x08002cf4                HAL_SYSTICK_Config
 .text.HAL_NVIC_ClearPendingIRQ
                0x08002d20       0x1c build/stm32f4xx_hal_cortex.o
                0x08002d20                HAL_NVIC_ClearPendingIRQ
 .text.HAL_InitTick
                0x08002d3c       0x4c build/stm32f4xx_hal.o
                0x08002d3c                HAL_InitTick
 .text.HAL_Init
                0x08002d88       0x34 build/stm32f4xx_hal.o
                0x08002d88                HAL_Init
 .text.HAL_IncTick
                0x08002dbc       0x18 build/stm32f4xx_hal.o
                0x08002dbc                HAL_IncTick
 .text.HAL_GetTick
                0x08002dd4        0xc build/stm32f4xx_hal.o
                0x08002dd4                HAL_GetTick
 .text.HAL_Delay
                0x08002de0       0x28 build/stm32f4xx_hal.o
                0x08002de0                HAL_Delay
 .text.SystemInit
                0x08002e08       0x4c build/system_stm32f4xx.o
                0x08002e08                SystemInit
 .text.printCh  0x08002e54       0x20 build/myprintf.o
                0x08002e54                printCh
 .text.printDec
                0x08002e74       0x74 build/myprintf.o
                0x08002e74                printDec
 .text.printFlt
                0x08002ee8       0x50 build/myprintf.o
                0x08002ee8                printFlt
 .text.printStr
                0x08002f38       0x14 build/myprintf.o
                0x08002f38                printStr
 .text.printBin
                0x08002f4c       0x34 build/myprintf.o
                0x08002f4c                printBin
 .text.printHex
                0x08002f80       0x54 build/myprintf.o
                0x08002f80                printHex
 .text.myPrint  0x08002fd4      0x1f8 build/myprintf.o
                0x08002fd4                myPrint
 .text.MX_DMA_Init
                0x080031cc       0x34 build/dma.o
                0x080031cc                MX_DMA_Init
 .text.HAL_TIM_Base_MspInit
                0x08003200       0x7c build/tim.o
                0x08003200                HAL_TIM_Base_MspInit
 .text.HAL_TIM_MspPostInit
                0x0800327c       0x68 build/tim.o
                0x0800327c                HAL_TIM_MspPostInit
 .text.MX_TIM1_Init
                0x080032e4       0xf0 build/tim.o
                0x080032e4                MX_TIM1_Init
 .text.ledTest  0x080033d4       0x84 build/test.o
                0x080033d4                ledTest
 .text.pwmTest  0x08003458       0x3c build/test.o
                0x08003458                pwmTest
 .text.reverseCString
                0x08003494       0x2c build/test.o
                0x08003494                reverseCString
 .text.itoa     0x080034c0       0x48 build/test.o
                0x080034c0                itoa
 .text.SPI_WriteData
                0x08003508       0x54 build/leddrv.o
                0x08003508                SPI_WriteData
 .text.Lcd_WriteIndex
                0x0800355c       0x38 build/leddrv.o
                0x0800355c                Lcd_WriteIndex
 .text.Lcd_WriteData
                0x08003594       0x38 build/leddrv.o
                0x08003594                Lcd_WriteData
 .text.LCD_WriteData_16Bit
                0x080035cc       0x40 build/leddrv.o
                0x080035cc                LCD_WriteData_16Bit
 .text.Lcd_Reset
                0x0800360c       0x34 build/leddrv.o
                0x0800360c                Lcd_Reset
 .text.Lcd_Init
                0x08003640      0x21e build/leddrv.o
                0x08003640                Lcd_Init
 .text.Lcd_SetRegion
                0x0800385e       0x56 build/leddrv.o
                0x0800385e                Lcd_SetRegion
 .text.Gui_DrawPoint
                0x080038b4       0x18 build/leddrv.o
                0x080038b4                Gui_DrawPoint
 .text.Lcd_Clear
                0x080038cc       0x32 build/leddrv.o
                0x080038cc                Lcd_Clear
 *fill*         0x080038fe        0x2 
 .text.Gui_DrawFont_GBK16
                0x08003900      0x1b0 build/leddrv.o
                0x08003900                Gui_DrawFont_GBK16
 .text.Reset_Handler
                0x08003ab0       0x50 build/startup_stm32f405xx.o
                0x08003ab0                Reset_Handler
 .text.Default_Handler
                0x08003b00        0x2 build/startup_stm32f405xx.o
                0x08003b00                RTC_Alarm_IRQHandler
                0x08003b00                HASH_RNG_IRQHandler
                0x08003b00                EXTI2_IRQHandler
                0x08003b00                TIM8_CC_IRQHandler
                0x08003b00                TIM1_CC_IRQHandler
                0x08003b00                DMA2_Stream5_IRQHandler
                0x08003b00                DMA1_Stream5_IRQHandler
                0x08003b00                PVD_IRQHandler
                0x08003b00                SDIO_IRQHandler
                0x08003b00                TAMP_STAMP_IRQHandler
                0x08003b00                CAN2_RX1_IRQHandler
                0x08003b00                EXTI3_IRQHandler
                0x08003b00                TIM8_TRG_COM_TIM14_IRQHandler
                0x08003b00                TIM1_UP_TIM10_IRQHandler
                0x08003b00                TIM8_UP_TIM13_IRQHandler
                0x08003b00                I2C3_ER_IRQHandler
                0x08003b00                EXTI0_IRQHandler
                0x08003b00                I2C2_EV_IRQHandler
                0x08003b00                DMA1_Stream2_IRQHandler
                0x08003b00                CAN1_RX0_IRQHandler
                0x08003b00                FPU_IRQHandler
                0x08003b00                OTG_HS_WKUP_IRQHandler
                0x08003b00                CAN2_SCE_IRQHandler
                0x08003b00                SPI1_IRQHandler
                0x08003b00                TIM6_DAC_IRQHandler
                0x08003b00                TIM1_BRK_TIM9_IRQHandler
                0x08003b00                CAN2_RX0_IRQHandler
                0x08003b00                DMA2_Stream3_IRQHandler
                0x08003b00                USART6_IRQHandler
                0x08003b00                USART3_IRQHandler
                0x08003b00                CAN1_RX1_IRQHandler
                0x08003b00                UART5_IRQHandler
                0x08003b00                DMA2_Stream0_IRQHandler
                0x08003b00                TIM4_IRQHandler
                0x08003b00                I2C1_EV_IRQHandler
                0x08003b00                DMA1_Stream6_IRQHandler
                0x08003b00                DMA1_Stream1_IRQHandler
                0x08003b00                UART4_IRQHandler
                0x08003b00                TIM3_IRQHandler
                0x08003b00                RCC_IRQHandler
                0x08003b00                TIM8_BRK_TIM12_IRQHandler
                0x08003b00                Default_Handler
                0x08003b00                ADC_IRQHandler
                0x08003b00                DMA1_Stream7_IRQHandler
                0x08003b00                TIM7_IRQHandler
                0x08003b00                CAN2_TX_IRQHandler
                0x08003b00                TIM5_IRQHandler
                0x08003b00                DMA2_Stream7_IRQHandler
                0x08003b00                I2C3_EV_IRQHandler
                0x08003b00                EXTI9_5_IRQHandler
                0x08003b00                RTC_WKUP_IRQHandler
                0x08003b00                SPI2_IRQHandler
                0x08003b00                OTG_HS_EP1_IN_IRQHandler
                0x08003b00                DMA1_Stream0_IRQHandler
                0x08003b00                CAN1_TX_IRQHandler
                0x08003b00                EXTI4_IRQHandler
                0x08003b00                FSMC_IRQHandler
                0x08003b00                OTG_HS_EP1_OUT_IRQHandler
                0x08003b00                WWDG_IRQHandler
                0x08003b00                TIM2_IRQHandler
                0x08003b00                OTG_FS_WKUP_IRQHandler
                0x08003b00                TIM1_TRG_COM_TIM11_IRQHandler
                0x08003b00                OTG_HS_IRQHandler
                0x08003b00                EXTI1_IRQHandler
                0x08003b00                USART2_IRQHandler
                0x08003b00                I2C2_ER_IRQHandler
                0x08003b00                DMA2_Stream1_IRQHandler
                0x08003b00                CAN1_SCE_IRQHandler
                0x08003b00                FLASH_IRQHandler
                0x08003b00                DMA2_Stream4_IRQHandler
                0x08003b00                USART1_IRQHandler
                0x08003b00                OTG_FS_IRQHandler
                0x08003b00                SPI3_IRQHandler
                0x08003b00                DMA1_Stream4_IRQHandler
                0x08003b00                I2C1_ER_IRQHandler
                0x08003b00                DMA2_Stream6_IRQHandler
                0x08003b00                DMA1_Stream3_IRQHandler
 *fill*         0x08003b02        0x2 
 .text.__libc_init_array
                0x08003b04       0x48 c:/program files (x86)/gnu tools arm embedded/7 2018-q2-update/bin/../lib/gcc/arm-none-eabi/7.3.1/../../../../arm-none-eabi/lib/thumb/v7e-m/fpv4-sp/hard\libc_nano.a(lib_a-init.o)
                0x08003b04                __libc_init_array
 .text.memset   0x08003b4c       0x10 c:/program files (x86)/gnu tools arm embedded/7 2018-q2-update/bin/../lib/gcc/arm-none-eabi/7.3.1/../../../../arm-none-eabi/lib/thumb/v7e-m/fpv4-sp/hard\libc_nano.a(lib_a-memset.o)
                0x08003b4c                memset
 *(.glue_7)
 .glue_7        0x08003b5c        0x0 linker stubs
 *(.glue_7t)
 .glue_7t       0x08003b5c        0x0 linker stubs
 *(.eh_frame)
 .eh_frame      0x08003b5c        0x0 c:/program files (x86)/gnu tools arm embedded/7 2018-q2-update/bin/../lib/gcc/arm-none-eabi/7.3.1/thumb/v7e-m/fpv4-sp/hard/crtbegin.o
 *(.init)
 .init          0x08003b5c        0x4 c:/program files (x86)/gnu tools arm embedded/7 2018-q2-update/bin/../lib/gcc/arm-none-eabi/7.3.1/thumb/v7e-m/fpv4-sp/hard/crti.o
                0x08003b5c                _init
 .init          0x08003b60        0x8 c:/program files (x86)/gnu tools arm embedded/7 2018-q2-update/bin/../lib/gcc/arm-none-eabi/7.3.1/thumb/v7e-m/fpv4-sp/hard/crtn.o
 *(.fini)
 .fini          0x08003b68        0x4 c:/program files (x86)/gnu tools arm embedded/7 2018-q2-update/bin/../lib/gcc/arm-none-eabi/7.3.1/thumb/v7e-m/fpv4-sp/hard/crti.o
                0x08003b68                _fini
 .fini          0x08003b6c        0x8 c:/program files (x86)/gnu tools arm embedded/7 2018-q2-update/bin/../lib/gcc/arm-none-eabi/7.3.1/thumb/v7e-m/fpv4-sp/hard/crtn.o
                0x08003b74                . = ALIGN (0x4)
                0x08003b74                _etext = .

.vfp11_veneer   0x08003b74        0x0
 .vfp11_veneer  0x08003b74        0x0 linker stubs

.v4_bx          0x08003b74        0x0
 .v4_bx         0x08003b74        0x0 linker stubs

.iplt           0x08003b74        0x0
 .iplt          0x08003b74        0x0 c:/program files (x86)/gnu tools arm embedded/7 2018-q2-update/bin/../lib/gcc/arm-none-eabi/7.3.1/thumb/v7e-m/fpv4-sp/hard/crtbegin.o

.rodata         0x08003b74      0x74c
                0x08003b74                . = ALIGN (0x4)
 *(.rodata)
 *(.rodata*)
 .rodata.main.str1.4
                0x08003b74       0x23 build/main.o
 *fill*         0x08003b97        0x1 
 .rodata.flagBitshiftOffset.8034
                0x08003b98        0x8 build/stm32f4xx_hal_dma.o
 .rodata.AHBPrescTable
                0x08003ba0       0x10 build/system_stm32f4xx.o
                0x08003ba0                AHBPrescTable
 .rodata.APBPrescTable
                0x08003bb0        0x8 build/system_stm32f4xx.o
                0x08003bb0                APBPrescTable
 .rodata.printBin.str1.4
                0x08003bb8        0x3 build/myprintf.o
 *fill*         0x08003bbb        0x1 
 .rodata.printHex.str1.4
                0x08003bbc        0x3 build/myprintf.o
 *fill*         0x08003bbf        0x1 
 .rodata.ledTest.str1.4
                0x08003bc0       0x34 build/test.o
                                 0x31 (size before relaxing)
 .rodata.asc16  0x08003bf4      0x5f1 build/leddrv.o
                0x08003bf4                asc16
 *fill*         0x080041e5        0x3 
 .rodata.hz16   0x080041e8       0xd8 build/leddrv.o
                0x080041e8                hz16
                0x080042c0                . = ALIGN (0x4)

.ARM.extab
 *(.ARM.extab* .gnu.linkonce.armextab.*)

.ARM            0x080042c0        0x8
                0x080042c0                __exidx_start = .
 *(.ARM.exidx*)
 .ARM.exidx     0x080042c0        0x8 c:/program files (x86)/gnu tools arm embedded/7 2018-q2-update/bin/../lib/gcc/arm-none-eabi/7.3.1/thumb/v7e-m/fpv4-sp/hard\libgcc.a(_udivmoddi4.o)
                0x080042c8                __exidx_end = .

.rel.dyn        0x080042c8        0x0
 .rel.iplt      0x080042c8        0x0 c:/program files (x86)/gnu tools arm embedded/7 2018-q2-update/bin/../lib/gcc/arm-none-eabi/7.3.1/thumb/v7e-m/fpv4-sp/hard/crtbegin.o

.preinit_array  0x080042c8        0x0
                0x080042c8                PROVIDE (__preinit_array_start = .)
 *(.preinit_array*)
                0x080042c8                PROVIDE (__preinit_array_end = .)

.init_array     0x080042c8        0x4
                0x080042c8                PROVIDE (__init_array_start = .)
 *(SORT_BY_NAME(.init_array.*))
 *(.init_array*)
 .init_array    0x080042c8        0x4 c:/program files (x86)/gnu tools arm embedded/7 2018-q2-update/bin/../lib/gcc/arm-none-eabi/7.3.1/thumb/v7e-m/fpv4-sp/hard/crtbegin.o
                0x080042cc                PROVIDE (__init_array_end = .)

.fini_array     0x080042cc        0x4
                [!provide]                PROVIDE (__fini_array_start = .)
 *(SORT_BY_NAME(.fini_array.*))
 *(.fini_array*)
 .fini_array    0x080042cc        0x4 c:/program files (x86)/gnu tools arm embedded/7 2018-q2-update/bin/../lib/gcc/arm-none-eabi/7.3.1/thumb/v7e-m/fpv4-sp/hard/crtbegin.o
                [!provide]                PROVIDE (__fini_array_end = .)
                0x080042d0                _sidata = LOADADDR (.data)

.data           0x20000000        0xc load address 0x080042d0
                0x20000000                . = ALIGN (0x4)
                0x20000000                _sdata = .
 *(.data)
 *(.data*)
 .data.uwTickFreq
                0x20000000        0x1 build/stm32f4xx_hal.o
                0x20000000                uwTickFreq
 *fill*         0x20000001        0x3 
 .data.uwTickPrio
                0x20000004        0x4 build/stm32f4xx_hal.o
                0x20000004                uwTickPrio
 .data.SystemCoreClock
                0x20000008        0x4 build/system_stm32f4xx.o
                0x20000008                SystemCoreClock
                0x2000000c                . = ALIGN (0x4)
                0x2000000c                _edata = .
                0x080042dc                _siccmram = LOADADDR (.ccmram)

.igot.plt       0x2000000c        0x0 load address 0x080042dc
 .igot.plt      0x2000000c        0x0 c:/program files (x86)/gnu tools arm embedded/7 2018-q2-update/bin/../lib/gcc/arm-none-eabi/7.3.1/thumb/v7e-m/fpv4-sp/hard/crtbegin.o

.ccmram         0x10000000        0x0 load address 0x080042dc
                0x10000000                . = ALIGN (0x4)
                0x10000000                _sccmram = .
 *(.ccmram)
 *(.ccmram*)
                0x10000000                . = ALIGN (0x4)
                0x10000000                _eccmram = .
                0x10000000                . = ALIGN (0x4)

.bss            0x2000000c      0x138
                0x2000000c                _sbss = .
                0x2000000c                __bss_start__ = _sbss
 *(.bss)
 .bss           0x2000000c       0x1c c:/program files (x86)/gnu tools arm embedded/7 2018-q2-update/bin/../lib/gcc/arm-none-eabi/7.3.1/thumb/v7e-m/fpv4-sp/hard/crtbegin.o
 *(.bss*)
 *(COMMON)
 COMMON         0x20000028       0x40 build/main.o
                0x20000028                huart1
 COMMON         0x20000068        0x4 build/stm32f4xx_hal.o
                0x20000068                uwTick
 COMMON         0x2000006c       0xa0 build/tim.o
                0x2000006c                hdma_tim1_ch2
                0x200000cc                htim1
 COMMON         0x2000010c       0x38 build/test.o
                0x2000010c                myUltrasonic
                0x20000124                accStep
                0x20000144                . = ALIGN (0x4)
                0x20000144                _ebss = .
                0x20000144                __bss_end__ = _ebss

._user_heap_stack
                0x20000144      0x604
                0x20000148                . = ALIGN (0x8)
 *fill*         0x20000144        0x4 
                [!provide]                PROVIDE (end = .)
                [!provide]                PROVIDE (_end = .)
                0x20000348                . = (. + _Min_Heap_Size)
 *fill*         0x20000148      0x200 
                0x20000748                . = (. + _Min_Stack_Size)
 *fill*         0x20000348      0x400 
                0x20000748                . = ALIGN (0x8)

/DISCARD/
 libc.a(*)
 libm.a(*)
 libgcc.a(*)

.ARM.attributes
                0x00000000       0x30
 *(.ARM.attributes)
 .ARM.attributes
                0x00000000       0x22 c:/program files (x86)/gnu tools arm embedded/7 2018-q2-update/bin/../lib/gcc/arm-none-eabi/7.3.1/thumb/v7e-m/fpv4-sp/hard/crti.o
 .ARM.attributes
                0x00000022       0x34 c:/program files (x86)/gnu tools arm embedded/7 2018-q2-update/bin/../lib/gcc/arm-none-eabi/7.3.1/thumb/v7e-m/fpv4-sp/hard/crtbegin.o
 .ARM.attributes
                0x00000056       0x39 build/main.o
 .ARM.attributes
                0x0000008f       0x39 build/gpio.o
 .ARM.attributes
                0x000000c8       0x39 build/usart.o
 .ARM.attributes
                0x00000101       0x39 build/stm32f4xx_it.o
 .ARM.attributes
                0x0000013a       0x39 build/stm32f4xx_hal_msp.o
 .ARM.attributes
                0x00000173       0x39 build/stm32f4xx_hal_tim.o
 .ARM.attributes
                0x000001ac       0x39 build/stm32f4xx_hal_tim_ex.o
 .ARM.attributes
                0x000001e5       0x39 build/stm32f4xx_hal_uart.o
 .ARM.attributes
                0x0000021e       0x39 build/stm32f4xx_hal_rcc.o
 .ARM.attributes
                0x00000257       0x39 build/stm32f4xx_hal_gpio.o
 .ARM.attributes
                0x00000290       0x39 build/stm32f4xx_hal_dma.o
 .ARM.attributes
                0x000002c9       0x39 build/stm32f4xx_hal_cortex.o
 .ARM.attributes
                0x00000302       0x39 build/stm32f4xx_hal.o
 .ARM.attributes
                0x0000033b       0x39 build/system_stm32f4xx.o
 .ARM.attributes
                0x00000374       0x39 build/myprintf.o
 .ARM.attributes
                0x000003ad       0x39 build/dma.o
 .ARM.attributes
                0x000003e6       0x39 build/tim.o
 .ARM.attributes
                0x0000041f       0x39 build/test.o
 .ARM.attributes
                0x00000458       0x39 build/leddrv.o
 .ARM.attributes
                0x00000491       0x21 build/startup_stm32f405xx.o
 .ARM.attributes
                0x000004b2       0x34 c:/program files (x86)/gnu tools arm embedded/7 2018-q2-update/bin/../lib/gcc/arm-none-eabi/7.3.1/../../../../arm-none-eabi/lib/thumb/v7e-m/fpv4-sp/hard\libc_nano.a(lib_a-init.o)
 .ARM.attributes
                0x000004e6       0x34 c:/program files (x86)/gnu tools arm embedded/7 2018-q2-update/bin/../lib/gcc/arm-none-eabi/7.3.1/../../../../arm-none-eabi/lib/thumb/v7e-m/fpv4-sp/hard\libc_nano.a(lib_a-memset.o)
 .ARM.attributes
                0x0000051a       0x1b c:/program files (x86)/gnu tools arm embedded/7 2018-q2-update/bin/../lib/gcc/arm-none-eabi/7.3.1/../../../../arm-none-eabi/lib/thumb/v7e-m/fpv4-sp/hard\libc_nano.a(lib_a-strlen.o)
 .ARM.attributes
                0x00000535       0x22 c:/program files (x86)/gnu tools arm embedded/7 2018-q2-update/bin/../lib/gcc/arm-none-eabi/7.3.1/thumb/v7e-m/fpv4-sp/hard\libgcc.a(_arm_addsubdf3.o)
 .ARM.attributes
                0x00000557       0x22 c:/program files (x86)/gnu tools arm embedded/7 2018-q2-update/bin/../lib/gcc/arm-none-eabi/7.3.1/thumb/v7e-m/fpv4-sp/hard\libgcc.a(_arm_muldivdf3.o)
 .ARM.attributes
                0x00000579       0x22 c:/program files (x86)/gnu tools arm embedded/7 2018-q2-update/bin/../lib/gcc/arm-none-eabi/7.3.1/thumb/v7e-m/fpv4-sp/hard\libgcc.a(_arm_fixdfsi.o)
 .ARM.attributes
                0x0000059b       0x22 c:/program files (x86)/gnu tools arm embedded/7 2018-q2-update/bin/../lib/gcc/arm-none-eabi/7.3.1/thumb/v7e-m/fpv4-sp/hard\libgcc.a(_arm_truncdfsf2.o)
 .ARM.attributes
                0x000005bd       0x22 c:/program files (x86)/gnu tools arm embedded/7 2018-q2-update/bin/../lib/gcc/arm-none-eabi/7.3.1/thumb/v7e-m/fpv4-sp/hard\libgcc.a(_aeabi_uldivmod.o)
 .ARM.attributes
                0x000005df       0x34 c:/program files (x86)/gnu tools arm embedded/7 2018-q2-update/bin/../lib/gcc/arm-none-eabi/7.3.1/thumb/v7e-m/fpv4-sp/hard\libgcc.a(_udivmoddi4.o)
 .ARM.attributes
                0x00000613       0x22 c:/program files (x86)/gnu tools arm embedded/7 2018-q2-update/bin/../lib/gcc/arm-none-eabi/7.3.1/thumb/v7e-m/fpv4-sp/hard\libgcc.a(_dvmd_tls.o)
 .ARM.attributes
                0x00000635       0x22 c:/program files (x86)/gnu tools arm embedded/7 2018-q2-update/bin/../lib/gcc/arm-none-eabi/7.3.1/thumb/v7e-m/fpv4-sp/hard/crtn.o
OUTPUT(build/ultrasonic.elf elf32-littlearm)

.debug_info     0x00000000    0x1392f
 .debug_info    0x00000000     0x19ff build/main.o
 .debug_info    0x000019ff      0x85d build/gpio.o
 .debug_info    0x0000225c      0xacd build/usart.o
 .debug_info    0x00002d29      0xd0d build/stm32f4xx_it.o
 .debug_info    0x00003a36      0x35b build/stm32f4xx_hal_msp.o
 .debug_info    0x00003d91     0x3478 build/stm32f4xx_hal_tim.o
 .debug_info    0x00007209     0x1612 build/stm32f4xx_hal_tim_ex.o
 .debug_info    0x0000881b     0x18aa build/stm32f4xx_hal_uart.o
 .debug_info    0x0000a0c5      0xb16 build/stm32f4xx_hal_rcc.o
 .debug_info    0x0000abdb      0x80c build/stm32f4xx_hal_gpio.o
 .debug_info    0x0000b3e7      0xaee build/stm32f4xx_hal_dma.o
 .debug_info    0x0000bed5     0x1008 build/stm32f4xx_hal_cortex.o
 .debug_info    0x0000cedd      0xa98 build/stm32f4xx_hal.o
 .debug_info    0x0000d975      0x580 build/system_stm32f4xx.o
 .debug_info    0x0000def5     0x12a9 build/myprintf.o
 .debug_info    0x0000f19e      0x5a3 build/dma.o
 .debug_info    0x0000f741      0xe87 build/tim.o
 .debug_info    0x000105c8     0x1423 build/test.o
 .debug_info    0x000119eb     0x1f22 build/leddrv.o
 .debug_info    0x0001390d       0x22 build/startup_stm32f405xx.o

.debug_abbrev   0x00000000     0x2914
 .debug_abbrev  0x00000000      0x2b8 build/main.o
 .debug_abbrev  0x000002b8      0x17d build/gpio.o
 .debug_abbrev  0x00000435      0x1ca build/usart.o
 .debug_abbrev  0x000005ff      0x216 build/stm32f4xx_it.o
 .debug_abbrev  0x00000815       0xee build/stm32f4xx_hal_msp.o
 .debug_abbrev  0x00000903      0x274 build/stm32f4xx_hal_tim.o
 .debug_abbrev  0x00000b77      0x26d build/stm32f4xx_hal_tim_ex.o
 .debug_abbrev  0x00000de4      0x2bf build/stm32f4xx_hal_uart.o
 .debug_abbrev  0x000010a3      0x28d build/stm32f4xx_hal_rcc.o
 .debug_abbrev  0x00001330      0x21c build/stm32f4xx_hal_gpio.o
 .debug_abbrev  0x0000154c      0x2ac build/stm32f4xx_hal_dma.o
 .debug_abbrev  0x000017f8      0x33d build/stm32f4xx_hal_cortex.o
 .debug_abbrev  0x00001b35      0x1f1 build/stm32f4xx_hal.o
 .debug_abbrev  0x00001d26      0x110 build/system_stm32f4xx.o
 .debug_abbrev  0x00001e36      0x2a1 build/myprintf.o
 .debug_abbrev  0x000020d7      0x140 build/dma.o
 .debug_abbrev  0x00002217      0x201 build/tim.o
 .debug_abbrev  0x00002418      0x2a6 build/test.o
 .debug_abbrev  0x000026be      0x244 build/leddrv.o
 .debug_abbrev  0x00002902       0x12 build/startup_stm32f405xx.o

.debug_loc      0x00000000     0xb0d7
 .debug_loc     0x00000000      0x103 build/main.o
 .debug_loc     0x00000103       0x39 build/gpio.o
 .debug_loc     0x0000013c       0xf8 build/usart.o
 .debug_loc     0x00000234      0x120 build/stm32f4xx_it.o
 .debug_loc     0x00000354       0x2c build/stm32f4xx_hal_msp.o
 .debug_loc     0x00000380     0x4378 build/stm32f4xx_hal_tim.o
 .debug_loc     0x000046f8     0x1602 build/stm32f4xx_hal_tim_ex.o
 .debug_loc     0x00005cfa     0x1a03 build/stm32f4xx_hal_uart.o
 .debug_loc     0x000076fd      0x555 build/stm32f4xx_hal_rcc.o
 .debug_loc     0x00007c52      0x55f build/stm32f4xx_hal_gpio.o
 .debug_loc     0x000081b1      0xc96 build/stm32f4xx_hal_dma.o
 .debug_loc     0x00008e47      0x65e build/stm32f4xx_hal_cortex.o
 .debug_loc     0x000094a5      0x19d build/stm32f4xx_hal.o
 .debug_loc     0x00009642      0x13e build/system_stm32f4xx.o
 .debug_loc     0x00009780      0x41b build/myprintf.o
 .debug_loc     0x00009b9b       0x38 build/dma.o
 .debug_loc     0x00009bd3      0x180 build/tim.o
 .debug_loc     0x00009d53      0x215 build/test.o
 .debug_loc     0x00009f68     0x116f build/leddrv.o

.debug_aranges  0x00000000      0xce8
 .debug_aranges
                0x00000000       0x30 build/main.o
 .debug_aranges
                0x00000030       0x20 build/gpio.o
 .debug_aranges
                0x00000050       0x30 build/usart.o
 .debug_aranges
                0x00000080       0x80 build/stm32f4xx_it.o
 .debug_aranges
                0x00000100       0x20 build/stm32f4xx_hal_msp.o
 .debug_aranges
                0x00000120      0x3a8 build/stm32f4xx_hal_tim.o
 .debug_aranges
                0x000004c8      0x150 build/stm32f4xx_hal_tim_ex.o
 .debug_aranges
                0x00000618      0x1d0 build/stm32f4xx_hal_uart.o
 .debug_aranges
                0x000007e8       0x88 build/stm32f4xx_hal_rcc.o
 .debug_aranges
                0x00000870       0x58 build/stm32f4xx_hal_gpio.o
 .debug_aranges
                0x000008c8       0x90 build/stm32f4xx_hal_dma.o
 .debug_aranges
                0x00000958       0xa8 build/stm32f4xx_hal_cortex.o
 .debug_aranges
                0x00000a00       0xf0 build/stm32f4xx_hal.o
 .debug_aranges
                0x00000af0       0x28 build/system_stm32f4xx.o
 .debug_aranges
                0x00000b18       0x50 build/myprintf.o
 .debug_aranges
                0x00000b68       0x20 build/dma.o
 .debug_aranges
                0x00000b88       0x38 build/tim.o
 .debug_aranges
                0x00000bc0       0x40 build/test.o
 .debug_aranges
                0x00000c00       0xc0 build/leddrv.o
 .debug_aranges
                0x00000cc0       0x28 build/startup_stm32f405xx.o

.debug_ranges   0x00000000      0xc70
 .debug_ranges  0x00000000       0x20 build/main.o
 .debug_ranges  0x00000020       0x10 build/gpio.o
 .debug_ranges  0x00000030       0x20 build/usart.o
 .debug_ranges  0x00000050       0x88 build/stm32f4xx_it.o
 .debug_ranges  0x000000d8       0x10 build/stm32f4xx_hal_msp.o
 .debug_ranges  0x000000e8      0x398 build/stm32f4xx_hal_tim.o
 .debug_ranges  0x00000480      0x140 build/stm32f4xx_hal_tim_ex.o
 .debug_ranges  0x000005c0      0x1c0 build/stm32f4xx_hal_uart.o
 .debug_ranges  0x00000780       0x90 build/stm32f4xx_hal_rcc.o
 .debug_ranges  0x00000810       0x48 build/stm32f4xx_hal_gpio.o
 .debug_ranges  0x00000858       0x80 build/stm32f4xx_hal_dma.o
 .debug_ranges  0x000008d8       0xf8 build/stm32f4xx_hal_cortex.o
 .debug_ranges  0x000009d0       0xe0 build/stm32f4xx_hal.o
 .debug_ranges  0x00000ab0       0x18 build/system_stm32f4xx.o
 .debug_ranges  0x00000ac8       0x70 build/myprintf.o
 .debug_ranges  0x00000b38       0x10 build/dma.o
 .debug_ranges  0x00000b48       0x28 build/tim.o
 .debug_ranges  0x00000b70       0x30 build/test.o
 .debug_ranges  0x00000ba0       0xb0 build/leddrv.o
 .debug_ranges  0x00000c50       0x20 build/startup_stm32f405xx.o

.debug_line     0x00000000     0x5ef8
 .debug_line    0x00000000      0x38f build/main.o
 .debug_line    0x0000038f      0x201 build/gpio.o
 .debug_line    0x00000590      0x26b build/usart.o
 .debug_line    0x000007fb      0x363 build/stm32f4xx_it.o
 .debug_line    0x00000b5e      0x197 build/stm32f4xx_hal_msp.o
 .debug_line    0x00000cf5     0x1418 build/stm32f4xx_hal_tim.o
 .debug_line    0x0000210d      0x860 build/stm32f4xx_hal_tim_ex.o
 .debug_line    0x0000296d      0xb82 build/stm32f4xx_hal_uart.o
 .debug_line    0x000034ef      0x4bb build/stm32f4xx_hal_rcc.o
 .debug_line    0x000039aa      0x38b build/stm32f4xx_hal_gpio.o
 .debug_line    0x00003d35      0x53e build/stm32f4xx_hal_dma.o
 .debug_line    0x00004273      0x44f build/stm32f4xx_hal_cortex.o
 .debug_line    0x000046c2      0x414 build/stm32f4xx_hal.o
 .debug_line    0x00004ad6      0x1c8 build/system_stm32f4xx.o
 .debug_line    0x00004c9e      0x3ee build/myprintf.o
 .debug_line    0x0000508c      0x1c4 build/dma.o
 .debug_line    0x00005250      0x2cc build/tim.o
 .debug_line    0x0000551c      0x397 build/test.o
 .debug_line    0x000058b3      0x5d1 build/leddrv.o
 .debug_line    0x00005e84       0x74 build/startup_stm32f405xx.o

.debug_str      0x00000000     0x3ef8
 .debug_str     0x00000000      0xebf build/main.o
                                0xfa5 (size before relaxing)
 .debug_str     0x00000ebf      0x5a4 build/gpio.o
                                0x8a9 (size before relaxing)
 .debug_str     0x00001463       0x59 build/usart.o
                                0x80d (size before relaxing)
 .debug_str     0x000014bc      0x1d6 build/stm32f4xx_it.o
                                0xd6d (size before relaxing)
 .debug_str     0x00001692       0x24 build/stm32f4xx_hal_msp.o
                                0x303 (size before relaxing)
 .debug_str     0x000016b6      0xe39 build/stm32f4xx_hal_tim.o
                               0x14f8 (size before relaxing)
 .debug_str     0x000024ef      0x545 build/stm32f4xx_hal_tim_ex.o
                                0xd10 (size before relaxing)
 .debug_str     0x00002a34      0x56b build/stm32f4xx_hal_uart.o
                                0xc43 (size before relaxing)
 .debug_str     0x00002f9f      0x168 build/stm32f4xx_hal_rcc.o
                                0x6ee (size before relaxing)
 .debug_str     0x00003107       0xd9 build/stm32f4xx_hal_gpio.o
                                0x51b (size before relaxing)
 .debug_str     0x000031e0      0x2b7 build/stm32f4xx_hal_dma.o
                                0x7a1 (size before relaxing)
 .debug_str     0x00003497      0x4b2 build/stm32f4xx_hal_cortex.o
                                0xc34 (size before relaxing)
 .debug_str     0x00003949      0x293 build/stm32f4xx_hal.o
                                0xb69 (size before relaxing)
 .debug_str     0x00003bdc       0x42 build/system_stm32f4xx.o
                                0x37f (size before relaxing)
 .debug_str     0x00003c1e       0x8d build/myprintf.o
                                0xa8a (size before relaxing)
 .debug_str     0x00003cab        0xa build/dma.o
                                0x7ea (size before relaxing)
 .debug_str     0x00003cb5       0x41 build/tim.o
                                0xacc (size before relaxing)
 .debug_str     0x00003cf6       0x6a build/test.o
                                0xb8b (size before relaxing)
 .debug_str     0x00003d60      0x174 build/leddrv.o
                                0x404 (size before relaxing)
 .debug_str     0x00003ed4       0x24 build/startup_stm32f405xx.o
                                 0x46 (size before relaxing)

.comment        0x00000000       0x7f
 .comment       0x00000000       0x7f build/main.o
                                 0x80 (size before relaxing)
 .comment       0x0000007f       0x80 build/gpio.o
 .comment       0x0000007f       0x80 build/usart.o
 .comment       0x0000007f       0x80 build/stm32f4xx_it.o
 .comment       0x0000007f       0x80 build/stm32f4xx_hal_msp.o
 .comment       0x0000007f       0x80 build/stm32f4xx_hal_tim.o
 .comment       0x0000007f       0x80 build/stm32f4xx_hal_tim_ex.o
 .comment       0x0000007f       0x80 build/stm32f4xx_hal_uart.o
 .comment       0x0000007f       0x80 build/stm32f4xx_hal_rcc.o
 .comment       0x0000007f       0x80 build/stm32f4xx_hal_gpio.o
 .comment       0x0000007f       0x80 build/stm32f4xx_hal_dma.o
 .comment       0x0000007f       0x80 build/stm32f4xx_hal_cortex.o
 .comment       0x0000007f       0x80 build/stm32f4xx_hal.o
 .comment       0x0000007f       0x80 build/system_stm32f4xx.o
 .comment       0x0000007f       0x80 build/myprintf.o
 .comment       0x0000007f       0x80 build/dma.o
 .comment       0x0000007f       0x80 build/tim.o
 .comment       0x0000007f       0x80 build/test.o
 .comment       0x0000007f       0x80 build/leddrv.o

.debug_frame    0x00000000     0x27a0
 .debug_frame   0x00000000       0x64 build/main.o
 .debug_frame   0x00000064       0x40 build/gpio.o
 .debug_frame   0x000000a4       0x74 build/usart.o
 .debug_frame   0x00000118      0x128 build/stm32f4xx_it.o
 .debug_frame   0x00000240       0x28 build/stm32f4xx_hal_msp.o
 .debug_frame   0x00000268      0xbc4 build/stm32f4xx_hal_tim.o
 .debug_frame   0x00000e2c      0x430 build/stm32f4xx_hal_tim_ex.o
 .debug_frame   0x0000125c      0x57c build/stm32f4xx_hal_uart.o
 .debug_frame   0x000017d8      0x1c4 build/stm32f4xx_hal_rcc.o
 .debug_frame   0x0000199c       0xec build/stm32f4xx_hal_gpio.o
 .debug_frame   0x00001a88      0x1b8 build/stm32f4xx_hal_dma.o
 .debug_frame   0x00001c40      0x16c build/stm32f4xx_hal_cortex.o
 .debug_frame   0x00001dac      0x200 build/stm32f4xx_hal.o
 .debug_frame   0x00001fac       0x30 build/system_stm32f4xx.o
 .debug_frame   0x00001fdc      0x104 build/myprintf.o
 .debug_frame   0x000020e0       0x2c build/dma.o
 .debug_frame   0x0000210c       0x94 build/tim.o
 .debug_frame   0x000021a0       0xb0 build/test.o
 .debug_frame   0x00002250      0x360 build/leddrv.o
 .debug_frame   0x000025b0       0x2c c:/program files (x86)/gnu tools arm embedded/7 2018-q2-update/bin/../lib/gcc/arm-none-eabi/7.3.1/../../../../arm-none-eabi/lib/thumb/v7e-m/fpv4-sp/hard\libc_nano.a(lib_a-init.o)
 .debug_frame   0x000025dc       0x20 c:/program files (x86)/gnu tools arm embedded/7 2018-q2-update/bin/../lib/gcc/arm-none-eabi/7.3.1/../../../../arm-none-eabi/lib/thumb/v7e-m/fpv4-sp/hard\libc_nano.a(lib_a-memset.o)
 .debug_frame   0x000025fc       0xac c:/program files (x86)/gnu tools arm embedded/7 2018-q2-update/bin/../lib/gcc/arm-none-eabi/7.3.1/thumb/v7e-m/fpv4-sp/hard\libgcc.a(_arm_addsubdf3.o)
 .debug_frame   0x000026a8       0x50 c:/program files (x86)/gnu tools arm embedded/7 2018-q2-update/bin/../lib/gcc/arm-none-eabi/7.3.1/thumb/v7e-m/fpv4-sp/hard\libgcc.a(_arm_muldivdf3.o)
 .debug_frame   0x000026f8       0x24 c:/program files (x86)/gnu tools arm embedded/7 2018-q2-update/bin/../lib/gcc/arm-none-eabi/7.3.1/thumb/v7e-m/fpv4-sp/hard\libgcc.a(_arm_fixdfsi.o)
 .debug_frame   0x0000271c       0x24 c:/program files (x86)/gnu tools arm embedded/7 2018-q2-update/bin/../lib/gcc/arm-none-eabi/7.3.1/thumb/v7e-m/fpv4-sp/hard\libgcc.a(_arm_truncdfsf2.o)
 .debug_frame   0x00002740       0x2c c:/program files (x86)/gnu tools arm embedded/7 2018-q2-update/bin/../lib/gcc/arm-none-eabi/7.3.1/thumb/v7e-m/fpv4-sp/hard\libgcc.a(_aeabi_uldivmod.o)
 .debug_frame   0x0000276c       0x34 c:/program files (x86)/gnu tools arm embedded/7 2018-q2-update/bin/../lib/gcc/arm-none-eabi/7.3.1/thumb/v7e-m/fpv4-sp/hard\libgcc.a(_udivmoddi4.o)

Cross Reference Table

Symbol                                            File
ADC_IRQHandler                                    build/startup_stm32f405xx.o
AHBPrescTable                                     build/system_stm32f4xx.o
                                                  build/stm32f4xx_hal_rcc.o
APBPrescTable                                     build/system_stm32f4xx.o
                                                  build/stm32f4xx_hal_rcc.o
BusFault_Handler                                  build/stm32f4xx_it.o
CAN1_RX0_IRQHandler                               build/startup_stm32f405xx.o
CAN1_RX1_IRQHandler                               build/startup_stm32f405xx.o
CAN1_SCE_IRQHandler                               build/startup_stm32f405xx.o
CAN1_TX_IRQHandler                                build/startup_stm32f405xx.o
CAN2_RX0_IRQHandler                               build/startup_stm32f405xx.o
CAN2_RX1_IRQHandler                               build/startup_stm32f405xx.o
CAN2_SCE_IRQHandler                               build/startup_stm32f405xx.o
CAN2_TX_IRQHandler                                build/startup_stm32f405xx.o
DMA1_Stream0_IRQHandler                           build/startup_stm32f405xx.o
DMA1_Stream1_IRQHandler                           build/startup_stm32f405xx.o
DMA1_Stream2_IRQHandler                           build/startup_stm32f405xx.o
DMA1_Stream3_IRQHandler                           build/startup_stm32f405xx.o
DMA1_Stream4_IRQHandler                           build/startup_stm32f405xx.o
DMA1_Stream5_IRQHandler                           build/startup_stm32f405xx.o
DMA1_Stream6_IRQHandler                           build/startup_stm32f405xx.o
DMA1_Stream7_IRQHandler                           build/startup_stm32f405xx.o
DMA2_Stream0_IRQHandler                           build/startup_stm32f405xx.o
DMA2_Stream1_IRQHandler                           build/startup_stm32f405xx.o
DMA2_Stream2_IRQHandler                           build/stm32f4xx_it.o
DMA2_Stream3_IRQHandler                           build/startup_stm32f405xx.o
DMA2_Stream4_IRQHandler                           build/startup_stm32f405xx.o
DMA2_Stream5_IRQHandler                           build/startup_stm32f405xx.o
DMA2_Stream6_IRQHandler                           build/startup_stm32f405xx.o
DMA2_Stream7_IRQHandler                           build/startup_stm32f405xx.o
DebugMon_Handler                                  build/stm32f4xx_it.o
Default_Handler                                   build/startup_stm32f405xx.o
DisplayButtonDown                                 build/leddrv.o
DisplayButtonUp                                   build/leddrv.o
EXTI0_IRQHandler                                  build/startup_stm32f405xx.o
EXTI15_10_IRQHandler                              build/stm32f4xx_it.o
EXTI1_IRQHandler                                  build/startup_stm32f405xx.o
EXTI2_IRQHandler                                  build/startup_stm32f405xx.o
EXTI3_IRQHandler                                  build/startup_stm32f405xx.o
EXTI4_IRQHandler                                  build/startup_stm32f405xx.o
EXTI9_5_IRQHandler                                build/startup_stm32f405xx.o
Error_Handler                                     build/main.o
                                                  build/tim.o
                                                  build/usart.o
FLASH_Erase_Sector                                build/stm32f4xx_hal_flash_ex.o
                                                  build/stm32f4xx_hal_flash.o
FLASH_FlushCaches                                 build/stm32f4xx_hal_flash_ex.o
                                                  build/stm32f4xx_hal_flash.o
FLASH_IRQHandler                                  build/startup_stm32f405xx.o
FLASH_WaitForLastOperation                        build/stm32f4xx_hal_flash.o
                                                  build/stm32f4xx_hal_flash_ex.o
FPU_IRQHandler                                    build/startup_stm32f405xx.o
FSMC_IRQHandler                                   build/startup_stm32f405xx.o
Gui_Circle                                        build/leddrv.o
Gui_DrawFont_GBK16                                build/leddrv.o
                                                  build/test.o
                                                  build/main.o
Gui_DrawFont_GBK24                                build/leddrv.o
Gui_DrawFont_Num32                                build/leddrv.o
Gui_DrawLine                                      build/leddrv.o
Gui_DrawPoint                                     build/leddrv.o
Gui_box                                           build/leddrv.o
Gui_box2                                          build/leddrv.o
HAL_DBGMCU_DisableDBGSleepMode                    build/stm32f4xx_hal.o
HAL_DBGMCU_DisableDBGStandbyMode                  build/stm32f4xx_hal.o
HAL_DBGMCU_DisableDBGStopMode                     build/stm32f4xx_hal.o
HAL_DBGMCU_EnableDBGSleepMode                     build/stm32f4xx_hal.o
HAL_DBGMCU_EnableDBGStandbyMode                   build/stm32f4xx_hal.o
HAL_DBGMCU_EnableDBGStopMode                      build/stm32f4xx_hal.o
HAL_DMAEx_ChangeMemory                            build/stm32f4xx_hal_dma_ex.o
HAL_DMAEx_MultiBufferStart                        build/stm32f4xx_hal_dma_ex.o
HAL_DMAEx_MultiBufferStart_IT                     build/stm32f4xx_hal_dma_ex.o
HAL_DMA_Abort                                     build/stm32f4xx_hal_dma.o
                                                  build/stm32f4xx_hal_uart.o
HAL_DMA_Abort_IT                                  build/stm32f4xx_hal_dma.o
                                                  build/stm32f4xx_hal_uart.o
                                                  build/stm32f4xx_hal_tim_ex.o
                                                  build/stm32f4xx_hal_tim.o
HAL_DMA_DeInit                                    build/stm32f4xx_hal_dma.o
                                                  build/tim.o
HAL_DMA_GetError                                  build/stm32f4xx_hal_dma.o
                                                  build/stm32f4xx_hal_uart.o
HAL_DMA_GetState                                  build/stm32f4xx_hal_dma.o
HAL_DMA_IRQHandler                                build/stm32f4xx_hal_dma.o
                                                  build/stm32f4xx_it.o
HAL_DMA_Init                                      build/stm32f4xx_hal_dma.o
                                                  build/tim.o
HAL_DMA_PollForTransfer                           build/stm32f4xx_hal_dma.o
HAL_DMA_RegisterCallback                          build/stm32f4xx_hal_dma.o
HAL_DMA_Start                                     build/stm32f4xx_hal_dma.o
HAL_DMA_Start_IT                                  build/stm32f4xx_hal_dma.o
                                                  build/stm32f4xx_hal_uart.o
                                                  build/stm32f4xx_hal_tim_ex.o
                                                  build/stm32f4xx_hal_tim.o
HAL_DMA_UnRegisterCallback                        build/stm32f4xx_hal_dma.o
HAL_DeInit                                        build/stm32f4xx_hal.o
HAL_Delay                                         build/stm32f4xx_hal.o
                                                  build/leddrv.o
                                                  build/main.o
HAL_DisableCompensationCell                       build/stm32f4xx_hal.o
HAL_EXTI_ClearConfigLine                          build/stm32f4xx_hal_exti.o
HAL_EXTI_ClearPending                             build/stm32f4xx_hal_exti.o
HAL_EXTI_GenerateSWI                              build/stm32f4xx_hal_exti.o
HAL_EXTI_GetConfigLine                            build/stm32f4xx_hal_exti.o
HAL_EXTI_GetHandle                                build/stm32f4xx_hal_exti.o
HAL_EXTI_GetPending                               build/stm32f4xx_hal_exti.o
HAL_EXTI_IRQHandler                               build/stm32f4xx_hal_exti.o
HAL_EXTI_RegisterCallback                         build/stm32f4xx_hal_exti.o
HAL_EXTI_SetConfigLine                            build/stm32f4xx_hal_exti.o
HAL_EnableCompensationCell                        build/stm32f4xx_hal.o
HAL_FLASHEx_Erase                                 build/stm32f4xx_hal_flash_ex.o
HAL_FLASHEx_Erase_IT                              build/stm32f4xx_hal_flash_ex.o
HAL_FLASHEx_OBGetConfig                           build/stm32f4xx_hal_flash_ex.o
HAL_FLASHEx_OBProgram                             build/stm32f4xx_hal_flash_ex.o
HAL_FLASH_EndOfOperationCallback                  build/stm32f4xx_hal_flash.o
HAL_FLASH_GetError                                build/stm32f4xx_hal_flash.o
HAL_FLASH_IRQHandler                              build/stm32f4xx_hal_flash.o
HAL_FLASH_Lock                                    build/stm32f4xx_hal_flash.o
HAL_FLASH_OB_Launch                               build/stm32f4xx_hal_flash.o
HAL_FLASH_OB_Lock                                 build/stm32f4xx_hal_flash.o
HAL_FLASH_OB_Unlock                               build/stm32f4xx_hal_flash.o
HAL_FLASH_OperationErrorCallback                  build/stm32f4xx_hal_flash.o
HAL_FLASH_Program                                 build/stm32f4xx_hal_flash.o
HAL_FLASH_Program_IT                              build/stm32f4xx_hal_flash.o
HAL_FLASH_Unlock                                  build/stm32f4xx_hal_flash.o
HAL_GPIO_DeInit                                   build/stm32f4xx_hal_gpio.o
                                                  build/usart.o
HAL_GPIO_EXTI_Callback                            build/stm32f4xx_it.o
HAL_GPIO_EXTI_IRQHandler                          build/stm32f4xx_hal_gpio.o
                                                  build/stm32f4xx_it.o
HAL_GPIO_Init                                     build/stm32f4xx_hal_gpio.o
                                                  build/tim.o
                                                  build/stm32f4xx_hal_rcc.o
                                                  build/usart.o
                                                  build/gpio.o
HAL_GPIO_LockPin                                  build/stm32f4xx_hal_gpio.o
HAL_GPIO_ReadPin                                  build/stm32f4xx_hal_gpio.o
HAL_GPIO_TogglePin                                build/stm32f4xx_hal_gpio.o
                                                  build/stm32f4xx_it.o
HAL_GPIO_WritePin                                 build/stm32f4xx_hal_gpio.o
                                                  build/leddrv.o
                                                  build/test.o
                                                  build/gpio.o
HAL_GetDEVID                                      build/stm32f4xx_hal.o
HAL_GetHalVersion                                 build/stm32f4xx_hal.o
HAL_GetREVID                                      build/stm32f4xx_hal.o
HAL_GetTick                                       build/stm32f4xx_hal.o
                                                  build/stm32f4xx_hal_pwr_ex.o
                                                  build/stm32f4xx_hal_dma.o
                                                  build/stm32f4xx_hal_flash.o
                                                  build/stm32f4xx_hal_rcc_ex.o
                                                  build/stm32f4xx_hal_rcc.o
                                                  build/stm32f4xx_hal_uart.o
HAL_GetTickFreq                                   build/stm32f4xx_hal.o
HAL_GetTickPrio                                   build/stm32f4xx_hal.o
HAL_GetUIDw0                                      build/stm32f4xx_hal.o
HAL_GetUIDw1                                      build/stm32f4xx_hal.o
HAL_GetUIDw2                                      build/stm32f4xx_hal.o
HAL_HalfDuplex_EnableReceiver                     build/stm32f4xx_hal_uart.o
HAL_HalfDuplex_EnableTransmitter                  build/stm32f4xx_hal_uart.o
HAL_HalfDuplex_Init                               build/stm32f4xx_hal_uart.o
HAL_IncTick                                       build/stm32f4xx_hal.o
                                                  build/stm32f4xx_it.o
HAL_Init                                          build/stm32f4xx_hal.o
                                                  build/main.o
HAL_InitTick                                      build/stm32f4xx_hal.o
                                                  build/stm32f4xx_hal_rcc_ex.o
                                                  build/stm32f4xx_hal_rcc.o
HAL_LIN_Init                                      build/stm32f4xx_hal_uart.o
HAL_LIN_SendBreak                                 build/stm32f4xx_hal_uart.o
HAL_MPU_ConfigRegion                              build/stm32f4xx_hal_cortex.o
HAL_MPU_Disable                                   build/stm32f4xx_hal_cortex.o
HAL_MPU_Enable                                    build/stm32f4xx_hal_cortex.o
HAL_MspDeInit                                     build/stm32f4xx_hal.o
HAL_MspInit                                       build/stm32f4xx_hal_msp.o
HAL_MultiProcessor_EnterMuteMode                  build/stm32f4xx_hal_uart.o
HAL_MultiProcessor_ExitMuteMode                   build/stm32f4xx_hal_uart.o
HAL_MultiProcessor_Init                           build/stm32f4xx_hal_uart.o
HAL_NVIC_ClearPendingIRQ                          build/stm32f4xx_hal_cortex.o
                                                  build/stm32f4xx_it.o
HAL_NVIC_DisableIRQ                               build/stm32f4xx_hal_cortex.o
                                                  build/stm32f4xx_it.o
HAL_NVIC_EnableIRQ                                build/stm32f4xx_hal_cortex.o
                                                  build/dma.o
                                                  build/stm32f4xx_it.o
                                                  build/gpio.o
HAL_NVIC_GetActive                                build/stm32f4xx_hal_cortex.o
HAL_NVIC_GetPendingIRQ                            build/stm32f4xx_hal_cortex.o
HAL_NVIC_GetPriority                              build/stm32f4xx_hal_cortex.o
HAL_NVIC_GetPriorityGrouping                      build/stm32f4xx_hal_cortex.o
HAL_NVIC_SetPendingIRQ                            build/stm32f4xx_hal_cortex.o
HAL_NVIC_SetPriority                              build/stm32f4xx_hal_cortex.o
                                                  build/dma.o
                                                  build/stm32f4xx_hal.o
                                                  build/gpio.o
HAL_NVIC_SetPriorityGrouping                      build/stm32f4xx_hal_cortex.o
                                                  build/stm32f4xx_hal.o
HAL_NVIC_SystemReset                              build/stm32f4xx_hal_cortex.o
HAL_PWREx_ControlVoltageScaling                   build/stm32f4xx_hal_pwr_ex.o
HAL_PWREx_DisableBkUpReg                          build/stm32f4xx_hal_pwr_ex.o
HAL_PWREx_DisableFlashPowerDown                   build/stm32f4xx_hal_pwr_ex.o
HAL_PWREx_EnableBkUpReg                           build/stm32f4xx_hal_pwr_ex.o
HAL_PWREx_EnableFlashPowerDown                    build/stm32f4xx_hal_pwr_ex.o
HAL_PWREx_GetVoltageRange                         build/stm32f4xx_hal_pwr_ex.o
HAL_PWR_ConfigPVD                                 build/stm32f4xx_hal_pwr.o
HAL_PWR_DeInit                                    build/stm32f4xx_hal_pwr.o
HAL_PWR_DisableBkUpAccess                         build/stm32f4xx_hal_pwr.o
HAL_PWR_DisablePVD                                build/stm32f4xx_hal_pwr.o
HAL_PWR_DisableSEVOnPend                          build/stm32f4xx_hal_pwr.o
HAL_PWR_DisableSleepOnExit                        build/stm32f4xx_hal_pwr.o
HAL_PWR_DisableWakeUpPin                          build/stm32f4xx_hal_pwr.o
HAL_PWR_EnableBkUpAccess                          build/stm32f4xx_hal_pwr.o
HAL_PWR_EnablePVD                                 build/stm32f4xx_hal_pwr.o
HAL_PWR_EnableSEVOnPend                           build/stm32f4xx_hal_pwr.o
HAL_PWR_EnableSleepOnExit                         build/stm32f4xx_hal_pwr.o
HAL_PWR_EnableWakeUpPin                           build/stm32f4xx_hal_pwr.o
HAL_PWR_EnterSLEEPMode                            build/stm32f4xx_hal_pwr.o
HAL_PWR_EnterSTANDBYMode                          build/stm32f4xx_hal_pwr.o
HAL_PWR_EnterSTOPMode                             build/stm32f4xx_hal_pwr.o
HAL_PWR_PVDCallback                               build/stm32f4xx_hal_pwr.o
HAL_PWR_PVD_IRQHandler                            build/stm32f4xx_hal_pwr.o
HAL_RCCEx_DisablePLLI2S                           build/stm32f4xx_hal_rcc_ex.o
HAL_RCCEx_EnablePLLI2S                            build/stm32f4xx_hal_rcc_ex.o
HAL_RCCEx_GetPeriphCLKConfig                      build/stm32f4xx_hal_rcc_ex.o
HAL_RCCEx_GetPeriphCLKFreq                        build/stm32f4xx_hal_rcc_ex.o
HAL_RCCEx_PeriphCLKConfig                         build/stm32f4xx_hal_rcc_ex.o
HAL_RCC_CSSCallback                               build/stm32f4xx_hal_rcc.o
HAL_RCC_ClockConfig                               build/stm32f4xx_hal_rcc.o
                                                  build/main.o
HAL_RCC_DeInit                                    build/stm32f4xx_hal_rcc_ex.o
                                                  build/stm32f4xx_hal_rcc.o
HAL_RCC_DisableCSS                                build/stm32f4xx_hal_rcc.o
HAL_RCC_EnableCSS                                 build/stm32f4xx_hal_rcc.o
                                                  build/main.o
HAL_RCC_GetClockConfig                            build/stm32f4xx_hal_rcc.o
HAL_RCC_GetHCLKFreq                               build/stm32f4xx_hal_rcc.o
HAL_RCC_GetOscConfig                              build/stm32f4xx_hal_rcc.o
HAL_RCC_GetPCLK1Freq                              build/stm32f4xx_hal_rcc.o
                                                  build/stm32f4xx_hal_uart.o
HAL_RCC_GetPCLK2Freq                              build/stm32f4xx_hal_rcc.o
                                                  build/stm32f4xx_hal_uart.o
HAL_RCC_GetSysClockFreq                           build/stm32f4xx_hal_rcc.o
HAL_RCC_MCOConfig                                 build/stm32f4xx_hal_rcc.o
HAL_RCC_NMI_IRQHandler                            build/stm32f4xx_hal_rcc.o
                                                  build/stm32f4xx_it.o
HAL_RCC_OscConfig                                 build/stm32f4xx_hal_rcc.o
                                                  build/main.o
HAL_ResumeTick                                    build/stm32f4xx_hal.o
HAL_SYSTICK_CLKSourceConfig                       build/stm32f4xx_hal_cortex.o
HAL_SYSTICK_Callback                              build/stm32f4xx_hal_cortex.o
HAL_SYSTICK_Config                                build/stm32f4xx_hal_cortex.o
                                                  build/stm32f4xx_hal.o
HAL_SYSTICK_IRQHandler                            build/stm32f4xx_hal_cortex.o
HAL_SetTickFreq                                   build/stm32f4xx_hal.o
HAL_SuspendTick                                   build/stm32f4xx_hal.o
HAL_TIMEx_BreakCallback                           build/stm32f4xx_hal_tim_ex.o
                                                  build/stm32f4xx_hal_tim.o
HAL_TIMEx_CommutCallback                          build/stm32f4xx_hal_tim_ex.o
                                                  build/stm32f4xx_hal_tim.o
HAL_TIMEx_CommutHalfCpltCallback                  build/stm32f4xx_hal_tim_ex.o
HAL_TIMEx_ConfigBreakDeadTime                     build/stm32f4xx_hal_tim_ex.o
                                                  build/tim.o
HAL_TIMEx_ConfigCommutEvent                       build/stm32f4xx_hal_tim_ex.o
HAL_TIMEx_ConfigCommutEvent_DMA                   build/stm32f4xx_hal_tim_ex.o
HAL_TIMEx_ConfigCommutEvent_IT                    build/stm32f4xx_hal_tim_ex.o
HAL_TIMEx_HallSensor_DeInit                       build/stm32f4xx_hal_tim_ex.o
HAL_TIMEx_HallSensor_GetState                     build/stm32f4xx_hal_tim_ex.o
HAL_TIMEx_HallSensor_Init                         build/stm32f4xx_hal_tim_ex.o
HAL_TIMEx_HallSensor_MspDeInit                    build/stm32f4xx_hal_tim_ex.o
HAL_TIMEx_HallSensor_MspInit                      build/stm32f4xx_hal_tim_ex.o
HAL_TIMEx_HallSensor_Start                        build/stm32f4xx_hal_tim_ex.o
HAL_TIMEx_HallSensor_Start_DMA                    build/stm32f4xx_hal_tim_ex.o
HAL_TIMEx_HallSensor_Start_IT                     build/stm32f4xx_hal_tim_ex.o
HAL_TIMEx_HallSensor_Stop                         build/stm32f4xx_hal_tim_ex.o
HAL_TIMEx_HallSensor_Stop_DMA                     build/stm32f4xx_hal_tim_ex.o
HAL_TIMEx_HallSensor_Stop_IT                      build/stm32f4xx_hal_tim_ex.o
HAL_TIMEx_MasterConfigSynchronization             build/stm32f4xx_hal_tim_ex.o
                                                  build/tim.o
HAL_TIMEx_OCN_Start                               build/stm32f4xx_hal_tim_ex.o
HAL_TIMEx_OCN_Start_DMA                           build/stm32f4xx_hal_tim_ex.o
HAL_TIMEx_OCN_Start_IT                            build/stm32f4xx_hal_tim_ex.o
HAL_TIMEx_OCN_Stop                                build/stm32f4xx_hal_tim_ex.o
HAL_TIMEx_OCN_Stop_DMA                            build/stm32f4xx_hal_tim_ex.o
HAL_TIMEx_OCN_Stop_IT                             build/stm32f4xx_hal_tim_ex.o
HAL_TIMEx_OnePulseN_Start                         build/stm32f4xx_hal_tim_ex.o
HAL_TIMEx_OnePulseN_Start_IT                      build/stm32f4xx_hal_tim_ex.o
HAL_TIMEx_OnePulseN_Stop                          build/stm32f4xx_hal_tim_ex.o
HAL_TIMEx_OnePulseN_Stop_IT                       build/stm32f4xx_hal_tim_ex.o
HAL_TIMEx_PWMN_Start                              build/stm32f4xx_hal_tim_ex.o
HAL_TIMEx_PWMN_Start_DMA                          build/stm32f4xx_hal_tim_ex.o
HAL_TIMEx_PWMN_Start_IT                           build/stm32f4xx_hal_tim_ex.o
HAL_TIMEx_PWMN_Stop                               build/stm32f4xx_hal_tim_ex.o
HAL_TIMEx_PWMN_Stop_DMA                           build/stm32f4xx_hal_tim_ex.o
HAL_TIMEx_PWMN_Stop_IT                            build/stm32f4xx_hal_tim_ex.o
HAL_TIMEx_RemapConfig                             build/stm32f4xx_hal_tim_ex.o
HAL_TIM_Base_DeInit                               build/stm32f4xx_hal_tim.o
HAL_TIM_Base_GetState                             build/stm32f4xx_hal_tim.o
HAL_TIM_Base_Init                                 build/stm32f4xx_hal_tim.o
                                                  build/tim.o
HAL_TIM_Base_MspDeInit                            build/tim.o
                                                  build/stm32f4xx_hal_tim.o
HAL_TIM_Base_MspInit                              build/tim.o
                                                  build/stm32f4xx_hal_tim.o
HAL_TIM_Base_Start                                build/stm32f4xx_hal_tim.o
HAL_TIM_Base_Start_DMA                            build/stm32f4xx_hal_tim.o
HAL_TIM_Base_Start_IT                             build/stm32f4xx_hal_tim.o
HAL_TIM_Base_Stop                                 build/stm32f4xx_hal_tim.o
HAL_TIM_Base_Stop_DMA                             build/stm32f4xx_hal_tim.o
HAL_TIM_Base_Stop_IT                              build/stm32f4xx_hal_tim.o
HAL_TIM_ConfigClockSource                         build/stm32f4xx_hal_tim.o
                                                  build/tim.o
HAL_TIM_ConfigOCrefClear                          build/stm32f4xx_hal_tim.o
HAL_TIM_ConfigTI1Input                            build/stm32f4xx_hal_tim.o
HAL_TIM_DMABurst_ReadStart                        build/stm32f4xx_hal_tim.o
HAL_TIM_DMABurst_ReadStop                         build/stm32f4xx_hal_tim.o
HAL_TIM_DMABurst_WriteStart                       build/stm32f4xx_hal_tim.o
HAL_TIM_DMABurst_WriteStop                        build/stm32f4xx_hal_tim.o
HAL_TIM_Encoder_DeInit                            build/stm32f4xx_hal_tim.o
HAL_TIM_Encoder_GetState                          build/stm32f4xx_hal_tim.o
HAL_TIM_Encoder_Init                              build/stm32f4xx_hal_tim.o
HAL_TIM_Encoder_MspDeInit                         build/stm32f4xx_hal_tim.o
HAL_TIM_Encoder_MspInit                           build/stm32f4xx_hal_tim.o
HAL_TIM_Encoder_Start                             build/stm32f4xx_hal_tim.o
HAL_TIM_Encoder_Start_DMA                         build/stm32f4xx_hal_tim.o
HAL_TIM_Encoder_Start_IT                          build/stm32f4xx_hal_tim.o
HAL_TIM_Encoder_Stop                              build/stm32f4xx_hal_tim.o
HAL_TIM_Encoder_Stop_DMA                          build/stm32f4xx_hal_tim.o
HAL_TIM_Encoder_Stop_IT                           build/stm32f4xx_hal_tim.o
HAL_TIM_ErrorCallback                             build/stm32f4xx_hal_tim.o
HAL_TIM_GenerateEvent                             build/stm32f4xx_hal_tim.o
HAL_TIM_IC_CaptureCallback                        build/stm32f4xx_hal_tim.o
HAL_TIM_IC_CaptureHalfCpltCallback                build/stm32f4xx_hal_tim.o
HAL_TIM_IC_ConfigChannel                          build/stm32f4xx_hal_tim.o
HAL_TIM_IC_DeInit                                 build/stm32f4xx_hal_tim.o
HAL_TIM_IC_GetState                               build/stm32f4xx_hal_tim.o
HAL_TIM_IC_Init                                   build/stm32f4xx_hal_tim.o
HAL_TIM_IC_MspDeInit                              build/stm32f4xx_hal_tim.o
HAL_TIM_IC_MspInit                                build/stm32f4xx_hal_tim.o
HAL_TIM_IC_Start                                  build/stm32f4xx_hal_tim.o
HAL_TIM_IC_Start_DMA                              build/stm32f4xx_hal_tim.o
HAL_TIM_IC_Start_IT                               build/stm32f4xx_hal_tim.o
HAL_TIM_IC_Stop                                   build/stm32f4xx_hal_tim.o
HAL_TIM_IC_Stop_DMA                               build/stm32f4xx_hal_tim.o
HAL_TIM_IC_Stop_IT                                build/stm32f4xx_hal_tim.o
HAL_TIM_IRQHandler                                build/stm32f4xx_hal_tim.o
HAL_TIM_MspPostInit                               build/tim.o
HAL_TIM_OC_ConfigChannel                          build/stm32f4xx_hal_tim.o
                                                  build/tim.o
HAL_TIM_OC_DeInit                                 build/stm32f4xx_hal_tim.o
HAL_TIM_OC_DelayElapsedCallback                   build/stm32f4xx_hal_tim.o
HAL_TIM_OC_GetState                               build/stm32f4xx_hal_tim.o
HAL_TIM_OC_Init                                   build/stm32f4xx_hal_tim.o
                                                  build/tim.o
HAL_TIM_OC_MspDeInit                              build/stm32f4xx_hal_tim.o
HAL_TIM_OC_MspInit                                build/stm32f4xx_hal_tim.o
HAL_TIM_OC_Start                                  build/stm32f4xx_hal_tim.o
HAL_TIM_OC_Start_DMA                              build/stm32f4xx_hal_tim.o
                                                  build/test.o
HAL_TIM_OC_Start_IT                               build/stm32f4xx_hal_tim.o
HAL_TIM_OC_Stop                                   build/stm32f4xx_hal_tim.o
HAL_TIM_OC_Stop_DMA                               build/stm32f4xx_hal_tim.o
                                                  build/tim.o
HAL_TIM_OC_Stop_IT                                build/stm32f4xx_hal_tim.o
HAL_TIM_OnePulse_ConfigChannel                    build/stm32f4xx_hal_tim.o
HAL_TIM_OnePulse_DeInit                           build/stm32f4xx_hal_tim.o
HAL_TIM_OnePulse_GetState                         build/stm32f4xx_hal_tim.o
HAL_TIM_OnePulse_Init                             build/stm32f4xx_hal_tim.o
HAL_TIM_OnePulse_MspDeInit                        build/stm32f4xx_hal_tim.o
HAL_TIM_OnePulse_MspInit                          build/stm32f4xx_hal_tim.o
HAL_TIM_OnePulse_Start                            build/stm32f4xx_hal_tim.o
HAL_TIM_OnePulse_Start_IT                         build/stm32f4xx_hal_tim.o
HAL_TIM_OnePulse_Stop                             build/stm32f4xx_hal_tim.o
HAL_TIM_OnePulse_Stop_IT                          build/stm32f4xx_hal_tim.o
HAL_TIM_PWM_ConfigChannel                         build/stm32f4xx_hal_tim.o
HAL_TIM_PWM_DeInit                                build/stm32f4xx_hal_tim.o
HAL_TIM_PWM_GetState                              build/stm32f4xx_hal_tim.o
HAL_TIM_PWM_Init                                  build/stm32f4xx_hal_tim.o
HAL_TIM_PWM_MspDeInit                             build/stm32f4xx_hal_tim.o
HAL_TIM_PWM_MspInit                               build/stm32f4xx_hal_tim.o
HAL_TIM_PWM_PulseFinishedCallback                 build/stm32f4xx_it.o
HAL_TIM_PWM_PulseFinishedHalfCpltCallback         build/stm32f4xx_hal_tim.o
HAL_TIM_PWM_Start                                 build/stm32f4xx_hal_tim.o
HAL_TIM_PWM_Start_DMA                             build/stm32f4xx_hal_tim.o
HAL_TIM_PWM_Start_IT                              build/stm32f4xx_hal_tim.o
HAL_TIM_PWM_Stop                                  build/stm32f4xx_hal_tim.o
HAL_TIM_PWM_Stop_DMA                              build/stm32f4xx_hal_tim.o
HAL_TIM_PWM_Stop_IT                               build/stm32f4xx_hal_tim.o
HAL_TIM_PeriodElapsedCallback                     build/stm32f4xx_hal_tim.o
HAL_TIM_PeriodElapsedHalfCpltCallback             build/stm32f4xx_hal_tim.o
HAL_TIM_ReadCapturedValue                         build/stm32f4xx_hal_tim.o
HAL_TIM_SlaveConfigSynchro                        build/stm32f4xx_hal_tim.o
HAL_TIM_SlaveConfigSynchro_IT                     build/stm32f4xx_hal_tim.o
HAL_TIM_TriggerCallback                           build/stm32f4xx_hal_tim.o
HAL_TIM_TriggerHalfCpltCallback                   build/stm32f4xx_hal_tim.o
HAL_UART_Abort                                    build/stm32f4xx_hal_uart.o
HAL_UART_AbortCpltCallback                        build/stm32f4xx_hal_uart.o
HAL_UART_AbortReceive                             build/stm32f4xx_hal_uart.o
HAL_UART_AbortReceiveCpltCallback                 build/stm32f4xx_hal_uart.o
HAL_UART_AbortReceive_IT                          build/stm32f4xx_hal_uart.o
HAL_UART_AbortTransmit                            build/stm32f4xx_hal_uart.o
HAL_UART_AbortTransmitCpltCallback                build/stm32f4xx_hal_uart.o
HAL_UART_AbortTransmit_IT                         build/stm32f4xx_hal_uart.o
HAL_UART_Abort_IT                                 build/stm32f4xx_hal_uart.o
HAL_UART_DMAPause                                 build/stm32f4xx_hal_uart.o
HAL_UART_DMAResume                                build/stm32f4xx_hal_uart.o
HAL_UART_DMAStop                                  build/stm32f4xx_hal_uart.o
HAL_UART_DeInit                                   build/stm32f4xx_hal_uart.o
HAL_UART_ErrorCallback                            build/stm32f4xx_hal_uart.o
HAL_UART_GetError                                 build/stm32f4xx_hal_uart.o
HAL_UART_GetState                                 build/stm32f4xx_hal_uart.o
HAL_UART_IRQHandler                               build/stm32f4xx_hal_uart.o
HAL_UART_Init                                     build/stm32f4xx_hal_uart.o
                                                  build/usart.o
HAL_UART_MspDeInit                                build/usart.o
HAL_UART_MspInit                                  build/usart.o
HAL_UART_Receive                                  build/stm32f4xx_hal_uart.o
HAL_UART_Receive_DMA                              build/stm32f4xx_hal_uart.o
HAL_UART_Receive_IT                               build/stm32f4xx_hal_uart.o
HAL_UART_RxCpltCallback                           build/stm32f4xx_hal_uart.o
HAL_UART_RxHalfCpltCallback                       build/stm32f4xx_hal_uart.o
HAL_UART_Transmit                                 build/stm32f4xx_hal_uart.o
                                                  build/myprintf.o
HAL_UART_Transmit_DMA                             build/stm32f4xx_hal_uart.o
HAL_UART_Transmit_IT                              build/stm32f4xx_hal_uart.o
HAL_UART_TxCpltCallback                           build/stm32f4xx_hal_uart.o
HAL_UART_TxHalfCpltCallback                       build/stm32f4xx_hal_uart.o
HASH_RNG_IRQHandler                               build/startup_stm32f405xx.o
HardFault_Handler                                 build/stm32f4xx_it.o
I2C1_ER_IRQHandler                                build/startup_stm32f405xx.o
I2C1_EV_IRQHandler                                build/startup_stm32f405xx.o
I2C2_ER_IRQHandler                                build/startup_stm32f405xx.o
I2C2_EV_IRQHandler                                build/startup_stm32f405xx.o
I2C3_ER_IRQHandler                                build/startup_stm32f405xx.o
I2C3_EV_IRQHandler                                build/startup_stm32f405xx.o
LCD_BGR2RGB                                       build/leddrv.o
LCD_WriteData_16Bit                               build/leddrv.o
Lcd_Clear                                         build/leddrv.o
                                                  build/test.o
Lcd_Init                                          build/leddrv.o
                                                  build/main.o
Lcd_Reset                                         build/leddrv.o
Lcd_SetRegion                                     build/leddrv.o
Lcd_SetXY                                         build/leddrv.o
Lcd_WriteData                                     build/leddrv.o
Lcd_WriteIndex                                    build/leddrv.o
Lcd_WriteReg                                      build/leddrv.o
MX_DMA_Init                                       build/dma.o
                                                  build/main.o
MX_GPIO_Init                                      build/gpio.o
                                                  build/main.o
MX_SYS_Init                                       build/sys.o
MX_TIM1_Init                                      build/tim.o
                                                  build/main.o
MX_USART1_UART_Init                               build/usart.o
                                                  build/main.o
MemManage_Handler                                 build/stm32f4xx_it.o
NMI_Handler                                       build/stm32f4xx_it.o
OTG_FS_IRQHandler                                 build/startup_stm32f405xx.o
OTG_FS_WKUP_IRQHandler                            build/startup_stm32f405xx.o
OTG_HS_EP1_IN_IRQHandler                          build/startup_stm32f405xx.o
OTG_HS_EP1_OUT_IRQHandler                         build/startup_stm32f405xx.o
OTG_HS_IRQHandler                                 build/startup_stm32f405xx.o
OTG_HS_WKUP_IRQHandler                            build/startup_stm32f405xx.o
PVD_IRQHandler                                    build/startup_stm32f405xx.o
PendSV_Handler                                    build/stm32f4xx_it.o
RCC_IRQHandler                                    build/startup_stm32f405xx.o
RTC_Alarm_IRQHandler                              build/startup_stm32f405xx.o
RTC_WKUP_IRQHandler                               build/startup_stm32f405xx.o
Reset_Handler                                     build/startup_stm32f405xx.o
SDIO_IRQHandler                                   build/startup_stm32f405xx.o
SPI1_IRQHandler                                   build/startup_stm32f405xx.o
SPI2_IRQHandler                                   build/startup_stm32f405xx.o
SPI3_IRQHandler                                   build/startup_stm32f405xx.o
SPI_WriteData                                     build/leddrv.o
SVC_Handler                                       build/stm32f4xx_it.o
SysTick_Handler                                   build/stm32f4xx_it.o
SystemClock_Config                                build/main.o
SystemCoreClock                                   build/system_stm32f4xx.o
                                                  build/stm32f4xx_hal.o
                                                  build/stm32f4xx_hal_dma.o
                                                  build/stm32f4xx_hal_rcc_ex.o
                                                  build/stm32f4xx_hal_rcc.o
SystemCoreClockUpdate                             build/system_stm32f4xx.o
SystemInit                                        build/system_stm32f4xx.o
                                                  build/startup_stm32f405xx.o
TAMP_STAMP_IRQHandler                             build/startup_stm32f405xx.o
TIM1_BRK_TIM9_IRQHandler                          build/startup_stm32f405xx.o
TIM1_CC_IRQHandler                                build/startup_stm32f405xx.o
TIM1_TRG_COM_TIM11_IRQHandler                     build/startup_stm32f405xx.o
TIM1_UP_TIM10_IRQHandler                          build/startup_stm32f405xx.o
TIM2_IRQHandler                                   build/startup_stm32f405xx.o
TIM3_IRQHandler                                   build/startup_stm32f405xx.o
TIM4_IRQHandler                                   build/startup_stm32f405xx.o
TIM5_IRQHandler                                   build/startup_stm32f405xx.o
TIM6_DAC_IRQHandler                               build/startup_stm32f405xx.o
TIM7_IRQHandler                                   build/startup_stm32f405xx.o
TIM8_BRK_TIM12_IRQHandler                         build/startup_stm32f405xx.o
TIM8_CC_IRQHandler                                build/startup_stm32f405xx.o
TIM8_TRG_COM_TIM14_IRQHandler                     build/startup_stm32f405xx.o
TIM8_UP_TIM13_IRQHandler                          build/startup_stm32f405xx.o
TIMEx_DMACommutationCplt                          build/stm32f4xx_hal_tim_ex.o
                                                  build/stm32f4xx_hal_tim.o
TIMEx_DMACommutationHalfCplt                      build/stm32f4xx_hal_tim_ex.o
                                                  build/stm32f4xx_hal_tim.o
TIM_Base_SetConfig                                build/stm32f4xx_hal_tim.o
                                                  build/stm32f4xx_hal_tim_ex.o
TIM_CCxChannelCmd                                 build/stm32f4xx_hal_tim.o
                                                  build/stm32f4xx_hal_tim_ex.o
                                                  build/stm32f4xx_it.o
TIM_DMACaptureCplt                                build/stm32f4xx_hal_tim.o
                                                  build/stm32f4xx_hal_tim_ex.o
TIM_DMACaptureHalfCplt                            build/stm32f4xx_hal_tim.o
                                                  build/stm32f4xx_hal_tim_ex.o
TIM_DMADelayPulseCplt                             build/stm32f4xx_hal_tim.o
                                                  build/stm32f4xx_hal_tim_ex.o
TIM_DMADelayPulseHalfCplt                         build/stm32f4xx_hal_tim.o
                                                  build/stm32f4xx_hal_tim_ex.o
TIM_DMAError                                      build/stm32f4xx_hal_tim.o
                                                  build/stm32f4xx_hal_tim_ex.o
TIM_ETR_SetConfig                                 build/stm32f4xx_hal_tim.o
TIM_OC2_SetConfig                                 build/stm32f4xx_hal_tim.o
                                                  build/stm32f4xx_hal_tim_ex.o
TIM_TI1_SetConfig                                 build/stm32f4xx_hal_tim.o
                                                  build/stm32f4xx_hal_tim_ex.o
UART4_IRQHandler                                  build/startup_stm32f405xx.o
UART5_IRQHandler                                  build/startup_stm32f405xx.o
USART1_IRQHandler                                 build/startup_stm32f405xx.o
USART2_IRQHandler                                 build/startup_stm32f405xx.o
USART3_IRQHandler                                 build/startup_stm32f405xx.o
USART6_IRQHandler                                 build/startup_stm32f405xx.o
UsageFault_Handler                                build/stm32f4xx_it.o
WWDG_IRQHandler                                   build/startup_stm32f405xx.o
__adddf3                                          c:/program files (x86)/gnu tools arm embedded/7 2018-q2-update/bin/../lib/gcc/arm-none-eabi/7.3.1/thumb/v7e-m/fpv4-sp/hard\libgcc.a(_arm_addsubdf3.o)
__aeabi_d2f                                       c:/program files (x86)/gnu tools arm embedded/7 2018-q2-update/bin/../lib/gcc/arm-none-eabi/7.3.1/thumb/v7e-m/fpv4-sp/hard\libgcc.a(_arm_truncdfsf2.o)
                                                  build/stm32f4xx_it.o
__aeabi_d2iz                                      c:/program files (x86)/gnu tools arm embedded/7 2018-q2-update/bin/../lib/gcc/arm-none-eabi/7.3.1/thumb/v7e-m/fpv4-sp/hard\libgcc.a(_arm_fixdfsi.o)
                                                  build/myprintf.o
__aeabi_dadd                                      c:/program files (x86)/gnu tools arm embedded/7 2018-q2-update/bin/../lib/gcc/arm-none-eabi/7.3.1/thumb/v7e-m/fpv4-sp/hard\libgcc.a(_arm_addsubdf3.o)
__aeabi_ddiv                                      c:/program files (x86)/gnu tools arm embedded/7 2018-q2-update/bin/../lib/gcc/arm-none-eabi/7.3.1/thumb/v7e-m/fpv4-sp/hard\libgcc.a(_arm_muldivdf3.o)
__aeabi_dmul                                      c:/program files (x86)/gnu tools arm embedded/7 2018-q2-update/bin/../lib/gcc/arm-none-eabi/7.3.1/thumb/v7e-m/fpv4-sp/hard\libgcc.a(_arm_muldivdf3.o)
                                                  build/myprintf.o
                                                  build/stm32f4xx_it.o
__aeabi_drsub                                     c:/program files (x86)/gnu tools arm embedded/7 2018-q2-update/bin/../lib/gcc/arm-none-eabi/7.3.1/thumb/v7e-m/fpv4-sp/hard\libgcc.a(_arm_addsubdf3.o)
__aeabi_dsub                                      c:/program files (x86)/gnu tools arm embedded/7 2018-q2-update/bin/../lib/gcc/arm-none-eabi/7.3.1/thumb/v7e-m/fpv4-sp/hard\libgcc.a(_arm_addsubdf3.o)
                                                  build/myprintf.o